Archive member included to satisfy reference by file (symbol)

../blink_2_bsp//libhal_bsp.a(alt_load.o)
                              ../blink_2_bsp//obj/HAL/src/crt0.o (alt_load)
../blink_2_bsp//libhal_bsp.a(alt_main.o)
                              ../blink_2_bsp//obj/HAL/src/crt0.o (alt_main)
../blink_2_bsp//libhal_bsp.a(alt_putstr.o)
                              obj/default/hello_world_small.o (alt_putstr)
../blink_2_bsp//libhal_bsp.a(alt_sys_init.o)
                              ../blink_2_bsp//libhal_bsp.a(alt_main.o) (alt_irq_init)
../blink_2_bsp//libhal_bsp.a(altera_avalon_jtag_uart_write.o)
                              ../blink_2_bsp//libhal_bsp.a(alt_putstr.o) (altera_avalon_jtag_uart_write)
../blink_2_bsp//libhal_bsp.a(alt_dcache_flush_all.o)
                              ../blink_2_bsp//libhal_bsp.a(alt_load.o) (alt_dcache_flush_all)
../blink_2_bsp//libhal_bsp.a(alt_icache_flush_all.o)
                              ../blink_2_bsp//libhal_bsp.a(alt_load.o) (alt_icache_flush_all)
../blink_2_bsp//libhal_bsp.a(altera_nios2_gen2_irq.o)
                              ../blink_2_bsp//libhal_bsp.a(alt_sys_init.o) (altera_nios2_gen2_irq_init)
/opt/intelFPGA/18.1_lite/nios2eds/bin/gnu/H-x86_64-pc-linux-gnu/bin/../lib/gcc/nios2-elf/5.3.0/../../../../../H-x86_64-pc-linux-gnu/nios2-elf/lib/mno-hw-mul/libsmallc.a(lib_a-strlen.o)
                              ../blink_2_bsp//libhal_bsp.a(alt_putstr.o) (strlen)

Memory Configuration

Name             Origin             Length             Attributes
reset            0x0000000000000000 0x0000000000000020
onchip_ram       0x0000000000000020 0x0000000000007fe0
*default*        0x0000000000000000 0xffffffffffffffff

Linker script and memory map

LOAD ../blink_2_bsp//obj/HAL/src/crt0.o
LOAD obj/default/hello_world_small.o
LOAD /opt/intelFPGA/18.1_lite/nios2eds/bin/gnu/H-x86_64-pc-linux-gnu/bin/../lib/gcc/nios2-elf/5.3.0/../../../../../H-x86_64-pc-linux-gnu/nios2-elf/lib/mno-hw-mul/libstdc++.a
LOAD /opt/intelFPGA/18.1_lite/nios2eds/bin/gnu/H-x86_64-pc-linux-gnu/bin/../lib/gcc/nios2-elf/5.3.0/../../../../../H-x86_64-pc-linux-gnu/nios2-elf/lib/mno-hw-mul/libm.a
LOAD /opt/intelFPGA/18.1_lite/nios2eds/bin/gnu/H-x86_64-pc-linux-gnu/bin/../lib/gcc/nios2-elf/5.3.0/mno-hw-mul/libgcc.a
START GROUP
LOAD /opt/intelFPGA/18.1_lite/nios2eds/bin/gnu/H-x86_64-pc-linux-gnu/bin/../lib/gcc/nios2-elf/5.3.0/../../../../../H-x86_64-pc-linux-gnu/nios2-elf/lib/mno-hw-mul/libsmallc.a
LOAD /opt/intelFPGA/18.1_lite/nios2eds/bin/gnu/H-x86_64-pc-linux-gnu/bin/../lib/gcc/nios2-elf/5.3.0/mno-hw-mul/libgcc.a
LOAD ../blink_2_bsp//libhal_bsp.a
LOAD /opt/intelFPGA/18.1_lite/nios2eds/bin/gnu/H-x86_64-pc-linux-gnu/bin/../lib/gcc/nios2-elf/5.3.0/../../../../../H-x86_64-pc-linux-gnu/nios2-elf/lib/mno-hw-mul/libm.a
END GROUP
LOAD /opt/intelFPGA/18.1_lite/nios2eds/bin/gnu/H-x86_64-pc-linux-gnu/bin/../lib/gcc/nios2-elf/5.3.0/mno-hw-mul/libgcc.a
                0x0000000000000000                __alt_mem_onchip_ram = 0x0

.entry          0x0000000000000000       0x20
 *(.entry)
 .entry         0x0000000000000000       0x20 ../blink_2_bsp//obj/HAL/src/crt0.o
                0x0000000000000000                __reset
                0x000000000000000c                _exit

.exceptions     0x0000000000000020        0x0
                0x0000000000000020                PROVIDE (__ram_exceptions_start, ABSOLUTE (.))
                0x0000000000000020                . = ALIGN (0x20)
 *(.irq)
 *(.exceptions.entry.label)
 *(.exceptions.entry.user)
 *(.exceptions.entry.ecc_fatal)
 *(.exceptions.entry)
 *(.exceptions.irqtest.user)
 *(.exceptions.irqtest)
 *(.exceptions.irqhandler.user)
 *(.exceptions.irqhandler)
 *(.exceptions.irqreturn.user)
 *(.exceptions.irqreturn)
 *(.exceptions.notirq.label)
 *(.exceptions.notirq.user)
 *(.exceptions.notirq)
 *(.exceptions.soft.user)
 *(.exceptions.soft)
 *(.exceptions.unknown.user)
 *(.exceptions.unknown)
 *(.exceptions.exit.label)
 *(.exceptions.exit.user)
 *(.exceptions.exit)
 *(.exceptions)
                0x0000000000000020                PROVIDE (__ram_exceptions_end, ABSOLUTE (.))
                0x0000000000000020                PROVIDE (__flash_exceptions_start, LOADADDR (.exceptions))

.text           0x0000000000000020      0x228
                [!provide]                        PROVIDE (stext, ABSOLUTE (.))
 *(.interp)
 *(.hash)
 *(.dynsym)
 *(.dynstr)
 *(.gnu.version)
 *(.gnu.version_d)
 *(.gnu.version_r)
 *(.rel.init)
 *(.rela.init)
 *(.rel.text .rel.text.* .rel.gnu.linkonce.t.*)
 *(.rela.text .rela.text.* .rela.gnu.linkonce.t.*)
 *(.rel.fini)
 *(.rela.fini)
 *(.rel.rodata .rel.rodata.* .rel.gnu.linkonce.r.*)
 *(.rela.rodata .rela.rodata.* .rela.gnu.linkonce.r.*)
 *(.rel.data .rel.data.* .rel.gnu.linkonce.d.*)
 *(.rela.data .rela.data.* .rela.gnu.linkonce.d.*)
 *(.rel.tdata .rel.tdata.* .rel.gnu.linkonce.td.*)
 *(.rela.tdata .rela.tdata.* .rela.gnu.linkonce.td.*)
 *(.rel.tbss .rel.tbss.* .rel.gnu.linkonce.tb.*)
 *(.rela.tbss .rela.tbss.* .rela.gnu.linkonce.tb.*)
 *(.rel.ctors)
 *(.rela.ctors)
 *(.rel.dtors)
 *(.rela.dtors)
 *(.rel.got)
 *(.rela.got)
 *(.rel.sdata .rel.sdata.* .rel.gnu.linkonce.s.*)
 *(.rela.sdata .rela.sdata.* .rela.gnu.linkonce.s.*)
 *(.rel.sbss .rel.sbss.* .rel.gnu.linkonce.sb.*)
 *(.rela.sbss .rela.sbss.* .rela.gnu.linkonce.sb.*)
 *(.rel.sdata2 .rel.sdata2.* .rel.gnu.linkonce.s2.*)
 *(.rela.sdata2 .rela.sdata2.* .rela.gnu.linkonce.s2.*)
 *(.rel.sbss2 .rel.sbss2.* .rel.gnu.linkonce.sb2.*)
 *(.rela.sbss2 .rela.sbss2.* .rela.gnu.linkonce.sb2.*)
 *(.rel.bss .rel.bss.* .rel.gnu.linkonce.b.*)
 *(.rela.bss .rela.bss.* .rela.gnu.linkonce.b.*)
 *(.rel.plt)
 *(.rela.plt)
 *(.rel.dyn)
 *(.init)
 *(.plt)
 *(.text .stub .text.* .gnu.linkonce.t.*)
 .text          0x0000000000000020       0x3c ../blink_2_bsp//obj/HAL/src/crt0.o
                0x0000000000000020                _start
 .text          0x000000000000005c        0x0 obj/default/hello_world_small.o
 .text.startup  0x000000000000005c       0x24 obj/default/hello_world_small.o
                0x000000000000005c                main
 .text          0x0000000000000080       0xe0 ../blink_2_bsp//libhal_bsp.a(alt_load.o)
                0x0000000000000080                alt_load
 .text          0x0000000000000160       0x2c ../blink_2_bsp//libhal_bsp.a(alt_main.o)
                0x0000000000000160                alt_main
 .text          0x000000000000018c       0x38 ../blink_2_bsp//libhal_bsp.a(alt_putstr.o)
                0x000000000000018c                alt_putstr
 .text          0x00000000000001c4       0x24 ../blink_2_bsp//libhal_bsp.a(alt_sys_init.o)
                0x00000000000001c4                alt_irq_init
                0x00000000000001e4                alt_sys_init
 .text          0x00000000000001e8       0x34 ../blink_2_bsp//libhal_bsp.a(altera_avalon_jtag_uart_write.o)
                0x00000000000001e8                altera_avalon_jtag_uart_write
 .text          0x000000000000021c        0x4 ../blink_2_bsp//libhal_bsp.a(alt_dcache_flush_all.o)
                0x000000000000021c                alt_dcache_flush_all
 .text          0x0000000000000220        0x4 ../blink_2_bsp//libhal_bsp.a(alt_icache_flush_all.o)
                0x0000000000000220                alt_icache_flush_all
 .text          0x0000000000000224        0x8 ../blink_2_bsp//libhal_bsp.a(altera_nios2_gen2_irq.o)
                0x0000000000000224                altera_nios2_gen2_irq_init
 .text          0x000000000000022c        0x0 /opt/intelFPGA/18.1_lite/nios2eds/bin/gnu/H-x86_64-pc-linux-gnu/bin/../lib/gcc/nios2-elf/5.3.0/../../../../../H-x86_64-pc-linux-gnu/nios2-elf/lib/mno-hw-mul/libsmallc.a(lib_a-strlen.o)
 .text.strlen   0x000000000000022c       0x1c /opt/intelFPGA/18.1_lite/nios2eds/bin/gnu/H-x86_64-pc-linux-gnu/bin/../lib/gcc/nios2-elf/5.3.0/../../../../../H-x86_64-pc-linux-gnu/nios2-elf/lib/mno-hw-mul/libsmallc.a(lib_a-strlen.o)
                0x000000000000022c                strlen
 *(.gnu.warning.*)
 *(.fini)
                [!provide]                        PROVIDE (__etext, ABSOLUTE (.))
                [!provide]                        PROVIDE (_etext, ABSOLUTE (.))
                [!provide]                        PROVIDE (etext, ABSOLUTE (.))
 *(.eh_frame_hdr)
                0x0000000000000248                . = ALIGN (0x4)
                [!provide]                        PROVIDE (__preinit_array_start, ABSOLUTE (.))
 *(.preinit_array)
                [!provide]                        PROVIDE (__preinit_array_end, ABSOLUTE (.))
                [!provide]                        PROVIDE (__init_array_start, ABSOLUTE (.))
 *(.init_array)
                [!provide]                        PROVIDE (__init_array_end, ABSOLUTE (.))
                [!provide]                        PROVIDE (__fini_array_start, ABSOLUTE (.))
 *(.fini_array)
                [!provide]                        PROVIDE (__fini_array_end, ABSOLUTE (.))
 *(.eh_frame)
 *(.gcc_except_table .gcc_except_table.*)
 *(.dynamic)
                [!provide]                        PROVIDE (__CTOR_LIST__, ABSOLUTE (.))
 *(.ctors)
 *(SORT(.ctors.*))
                [!provide]                        PROVIDE (__CTOR_END__, ABSOLUTE (.))
                [!provide]                        PROVIDE (__DTOR_LIST__, ABSOLUTE (.))
 *(.dtors)
 *(SORT(.dtors.*))
                [!provide]                        PROVIDE (__DTOR_END__, ABSOLUTE (.))
 *(.jcr)
                0x0000000000000248                . = ALIGN (0x4)

.rodata         0x0000000000000248       0x18
                0x0000000000000248                PROVIDE (__ram_rodata_start, ABSOLUTE (.))
                0x0000000000000248                . = ALIGN (0x4)
 *(.rodata .rodata.* .gnu.linkonce.r.*)
 .rodata.str1.4
                0x0000000000000248       0x18 obj/default/hello_world_small.o
                                         0x15 (size before relaxing)
 *(.rodata1)
                0x0000000000000260                . = ALIGN (0x4)
                0x0000000000000260                PROVIDE (__ram_rodata_end, ABSOLUTE (.))
                0x0000000000000248                PROVIDE (__flash_rodata_start, LOADADDR (.rodata))

.rwdata         0x0000000000000260        0x4 load address 0x0000000000000264
                0x0000000000000260                PROVIDE (__ram_rwdata_start, ABSOLUTE (.))
                0x0000000000000260                . = ALIGN (0x4)
 *(.got.plt)
 *(.got)
 *(.data1)
 *(.data .data.* .gnu.linkonce.d.*)
 .data          0x0000000000000260        0x0 ../blink_2_bsp//obj/HAL/src/crt0.o
 .data          0x0000000000000260        0x0 obj/default/hello_world_small.o
 .data          0x0000000000000260        0x0 ../blink_2_bsp//libhal_bsp.a(alt_load.o)
 .data          0x0000000000000260        0x0 ../blink_2_bsp//libhal_bsp.a(alt_main.o)
 .data          0x0000000000000260        0x0 ../blink_2_bsp//libhal_bsp.a(alt_putstr.o)
 .data          0x0000000000000260        0x0 ../blink_2_bsp//libhal_bsp.a(alt_sys_init.o)
 .data          0x0000000000000260        0x0 ../blink_2_bsp//libhal_bsp.a(altera_avalon_jtag_uart_write.o)
 .data          0x0000000000000260        0x0 ../blink_2_bsp//libhal_bsp.a(alt_dcache_flush_all.o)
 .data          0x0000000000000260        0x0 ../blink_2_bsp//libhal_bsp.a(alt_icache_flush_all.o)
 .data          0x0000000000000260        0x0 ../blink_2_bsp//libhal_bsp.a(altera_nios2_gen2_irq.o)
 .data          0x0000000000000260        0x0 /opt/intelFPGA/18.1_lite/nios2eds/bin/gnu/H-x86_64-pc-linux-gnu/bin/../lib/gcc/nios2-elf/5.3.0/../../../../../H-x86_64-pc-linux-gnu/nios2-elf/lib/mno-hw-mul/libsmallc.a(lib_a-strlen.o)
                0x0000000000008260                _gp = ABSOLUTE ((. + 0x8000))
                [!provide]                        PROVIDE (gp, _gp)
 *(.rwdata .rwdata.*)
 *(.sdata .sdata.* .gnu.linkonce.s.*)
 .sdata         0x0000000000000260        0x4 ../blink_2_bsp//libhal_bsp.a(alt_sys_init.o)
                0x0000000000000260                jtag_uart_0
 *(.sdata2 .sdata2.* .gnu.linkonce.s2.*)
                0x0000000000000264                . = ALIGN (0x4)
                0x0000000000000264                _edata = ABSOLUTE (.)
                [!provide]                        PROVIDE (edata, ABSOLUTE (.))
                0x0000000000000264                PROVIDE (__ram_rwdata_end, ABSOLUTE (.))
                0x0000000000000264                PROVIDE (__flash_rwdata_start, LOADADDR (.rwdata))

.bss            0x0000000000000268        0xc
                0x0000000000000268                __bss_start = ABSOLUTE (.)
                [!provide]                        PROVIDE (__sbss_start, ABSOLUTE (.))
                [!provide]                        PROVIDE (___sbss_start, ABSOLUTE (.))
 *(.dynsbss)
 *(.sbss .sbss.* .gnu.linkonce.sb.*)
 .sbss          0x0000000000000268        0xc ../blink_2_bsp//libhal_bsp.a(alt_main.o)
                0x0000000000000268                alt_envp
                0x000000000000026c                alt_argv
                0x0000000000000270                alt_argc
 *(.sbss2 .sbss2.* .gnu.linkonce.sb2.*)
 *(.scommon)
                [!provide]                        PROVIDE (__sbss_end, ABSOLUTE (.))
                [!provide]                        PROVIDE (___sbss_end, ABSOLUTE (.))
 *(.dynbss)
 *(.bss .bss.* .gnu.linkonce.b.*)
 .bss           0x0000000000000274        0x0 ../blink_2_bsp//obj/HAL/src/crt0.o
 .bss           0x0000000000000274        0x0 obj/default/hello_world_small.o
 .bss           0x0000000000000274        0x0 ../blink_2_bsp//libhal_bsp.a(alt_load.o)
 .bss           0x0000000000000274        0x0 ../blink_2_bsp//libhal_bsp.a(alt_main.o)
 .bss           0x0000000000000274        0x0 ../blink_2_bsp//libhal_bsp.a(alt_putstr.o)
 .bss           0x0000000000000274        0x0 ../blink_2_bsp//libhal_bsp.a(alt_sys_init.o)
 .bss           0x0000000000000274        0x0 ../blink_2_bsp//libhal_bsp.a(altera_avalon_jtag_uart_write.o)
 .bss           0x0000000000000274        0x0 ../blink_2_bsp//libhal_bsp.a(alt_dcache_flush_all.o)
 .bss           0x0000000000000274        0x0 ../blink_2_bsp//libhal_bsp.a(alt_icache_flush_all.o)
 .bss           0x0000000000000274        0x0 ../blink_2_bsp//libhal_bsp.a(altera_nios2_gen2_irq.o)
 .bss           0x0000000000000274        0x0 /opt/intelFPGA/18.1_lite/nios2eds/bin/gnu/H-x86_64-pc-linux-gnu/bin/../lib/gcc/nios2-elf/5.3.0/../../../../../H-x86_64-pc-linux-gnu/nios2-elf/lib/mno-hw-mul/libsmallc.a(lib_a-strlen.o)
 *(COMMON)
                0x0000000000000274                . = ALIGN (0x4)
                0x0000000000000274                __bss_end = ABSOLUTE (.)

.onchip_ram     0x0000000000000274        0x0
                [!provide]                        PROVIDE (_alt_partition_onchip_ram_start, ABSOLUTE (.))
 *(.onchip_ram .onchip_ram. onchip_ram.*)
                0x0000000000000274                . = ALIGN (0x4)
                [!provide]                        PROVIDE (_alt_partition_onchip_ram_end, ABSOLUTE (.))
                0x0000000000000274                _end = ABSOLUTE (.)
                0x0000000000000274                end = ABSOLUTE (.)
                0x0000000000000274                __alt_stack_base = ABSOLUTE (.)
                [!provide]                        PROVIDE (_alt_partition_onchip_ram_load_addr, LOADADDR (.onchip_ram))

.stab
 *(.stab)

.stabstr
 *(.stabstr)

.stab.excl
 *(.stab.excl)

.stab.exclstr
 *(.stab.exclstr)

.stab.index
 *(.stab.index)

.stab.indexstr
 *(.stab.indexstr)

.comment        0x0000000000000000       0x23
 *(.comment)
 .comment       0x0000000000000000       0x23 obj/default/hello_world_small.o
                                         0x24 (size before relaxing)
 .comment       0x0000000000000023       0x24 ../blink_2_bsp//libhal_bsp.a(alt_load.o)
 .comment       0x0000000000000023       0x24 ../blink_2_bsp//libhal_bsp.a(alt_main.o)
 .comment       0x0000000000000023       0x24 ../blink_2_bsp//libhal_bsp.a(alt_putstr.o)
 .comment       0x0000000000000023       0x24 ../blink_2_bsp//libhal_bsp.a(alt_sys_init.o)
 .comment       0x0000000000000023       0x24 ../blink_2_bsp//libhal_bsp.a(altera_avalon_jtag_uart_write.o)
 .comment       0x0000000000000023       0x24 ../blink_2_bsp//libhal_bsp.a(alt_dcache_flush_all.o)
 .comment       0x0000000000000023       0x24 ../blink_2_bsp//libhal_bsp.a(alt_icache_flush_all.o)
 .comment       0x0000000000000023       0x24 ../blink_2_bsp//libhal_bsp.a(altera_nios2_gen2_irq.o)
 .comment       0x0000000000000023       0x24 /opt/intelFPGA/18.1_lite/nios2eds/bin/gnu/H-x86_64-pc-linux-gnu/bin/../lib/gcc/nios2-elf/5.3.0/../../../../../H-x86_64-pc-linux-gnu/nios2-elf/lib/mno-hw-mul/libsmallc.a(lib_a-strlen.o)

.debug
 *(.debug)

.line
 *(.line)

.debug_srcinfo
 *(.debug_srcinfo)

.debug_sfnames
 *(.debug_sfnames)

.debug_aranges  0x0000000000000000      0x168
 *(.debug_aranges)
 .debug_aranges
                0x0000000000000000       0x28 ../blink_2_bsp//obj/HAL/src/crt0.o
 .debug_aranges
                0x0000000000000028       0x20 obj/default/hello_world_small.o
 .debug_aranges
                0x0000000000000048       0x20 ../blink_2_bsp//libhal_bsp.a(alt_load.o)
 .debug_aranges
                0x0000000000000068       0x20 ../blink_2_bsp//libhal_bsp.a(alt_main.o)
 .debug_aranges
                0x0000000000000088       0x20 ../blink_2_bsp//libhal_bsp.a(alt_putstr.o)
 .debug_aranges
                0x00000000000000a8       0x20 ../blink_2_bsp//libhal_bsp.a(alt_sys_init.o)
 .debug_aranges
                0x00000000000000c8       0x20 ../blink_2_bsp//libhal_bsp.a(altera_avalon_jtag_uart_write.o)
 .debug_aranges
                0x00000000000000e8       0x20 ../blink_2_bsp//libhal_bsp.a(alt_dcache_flush_all.o)
 .debug_aranges
                0x0000000000000108       0x20 ../blink_2_bsp//libhal_bsp.a(alt_icache_flush_all.o)
 .debug_aranges
                0x0000000000000128       0x20 ../blink_2_bsp//libhal_bsp.a(altera_nios2_gen2_irq.o)
 .debug_aranges
                0x0000000000000148       0x20 /opt/intelFPGA/18.1_lite/nios2eds/bin/gnu/H-x86_64-pc-linux-gnu/bin/../lib/gcc/nios2-elf/5.3.0/../../../../../H-x86_64-pc-linux-gnu/nios2-elf/lib/mno-hw-mul/libsmallc.a(lib_a-strlen.o)

.debug_pubnames
 *(.debug_pubnames)

.debug_info     0x0000000000000000      0xb6c
 *(.debug_info .gnu.linkonce.wi.*)
 .debug_info    0x0000000000000000       0x93 ../blink_2_bsp//obj/HAL/src/crt0.o
 .debug_info    0x0000000000000093       0xd2 obj/default/hello_world_small.o
 .debug_info    0x0000000000000165      0x1c9 ../blink_2_bsp//libhal_bsp.a(alt_load.o)
 .debug_info    0x000000000000032e      0x169 ../blink_2_bsp//libhal_bsp.a(alt_main.o)
 .debug_info    0x0000000000000497      0x13a ../blink_2_bsp//libhal_bsp.a(alt_putstr.o)
 .debug_info    0x00000000000005d1      0x185 ../blink_2_bsp//libhal_bsp.a(alt_sys_init.o)
 .debug_info    0x0000000000000756      0x197 ../blink_2_bsp//libhal_bsp.a(altera_avalon_jtag_uart_write.o)
 .debug_info    0x00000000000008ed       0x92 ../blink_2_bsp//libhal_bsp.a(alt_dcache_flush_all.o)
 .debug_info    0x000000000000097f       0x92 ../blink_2_bsp//libhal_bsp.a(alt_icache_flush_all.o)
 .debug_info    0x0000000000000a11       0x92 ../blink_2_bsp//libhal_bsp.a(altera_nios2_gen2_irq.o)
 .debug_info    0x0000000000000aa3       0xc9 /opt/intelFPGA/18.1_lite/nios2eds/bin/gnu/H-x86_64-pc-linux-gnu/bin/../lib/gcc/nios2-elf/5.3.0/../../../../../H-x86_64-pc-linux-gnu/nios2-elf/lib/mno-hw-mul/libsmallc.a(lib_a-strlen.o)

.debug_abbrev   0x0000000000000000      0x667
 *(.debug_abbrev)
 .debug_abbrev  0x0000000000000000       0x12 ../blink_2_bsp//obj/HAL/src/crt0.o
 .debug_abbrev  0x0000000000000012       0x9b obj/default/hello_world_small.o
 .debug_abbrev  0x00000000000000ad       0xd8 ../blink_2_bsp//libhal_bsp.a(alt_load.o)
 .debug_abbrev  0x0000000000000185       0xee ../blink_2_bsp//libhal_bsp.a(alt_main.o)
 .debug_abbrev  0x0000000000000273       0xd3 ../blink_2_bsp//libhal_bsp.a(alt_putstr.o)
 .debug_abbrev  0x0000000000000346      0x107 ../blink_2_bsp//libhal_bsp.a(alt_sys_init.o)
 .debug_abbrev  0x000000000000044d       0xd5 ../blink_2_bsp//libhal_bsp.a(altera_avalon_jtag_uart_write.o)
 .debug_abbrev  0x0000000000000522       0x42 ../blink_2_bsp//libhal_bsp.a(alt_dcache_flush_all.o)
 .debug_abbrev  0x0000000000000564       0x42 ../blink_2_bsp//libhal_bsp.a(alt_icache_flush_all.o)
 .debug_abbrev  0x00000000000005a6       0x42 ../blink_2_bsp//libhal_bsp.a(altera_nios2_gen2_irq.o)
 .debug_abbrev  0x00000000000005e8       0x7f /opt/intelFPGA/18.1_lite/nios2eds/bin/gnu/H-x86_64-pc-linux-gnu/bin/../lib/gcc/nios2-elf/5.3.0/../../../../../H-x86_64-pc-linux-gnu/nios2-elf/lib/mno-hw-mul/libsmallc.a(lib_a-strlen.o)

.debug_line     0x0000000000000000      0x7e8
 *(.debug_line)
 .debug_line    0x0000000000000000       0x66 ../blink_2_bsp//obj/HAL/src/crt0.o
 .debug_line    0x0000000000000066      0x141 obj/default/hello_world_small.o
 .debug_line    0x00000000000001a7       0xa4 ../blink_2_bsp//libhal_bsp.a(alt_load.o)
 .debug_line    0x000000000000024b       0xbd ../blink_2_bsp//libhal_bsp.a(alt_main.o)
 .debug_line    0x0000000000000308       0xa7 ../blink_2_bsp//libhal_bsp.a(alt_putstr.o)
 .debug_line    0x00000000000003af      0x101 ../blink_2_bsp//libhal_bsp.a(alt_sys_init.o)
 .debug_line    0x00000000000004b0       0xf0 ../blink_2_bsp//libhal_bsp.a(altera_avalon_jtag_uart_write.o)
 .debug_line    0x00000000000005a0       0x4e ../blink_2_bsp//libhal_bsp.a(alt_dcache_flush_all.o)
 .debug_line    0x00000000000005ee       0x4e ../blink_2_bsp//libhal_bsp.a(alt_icache_flush_all.o)
 .debug_line    0x000000000000063c       0x50 ../blink_2_bsp//libhal_bsp.a(altera_nios2_gen2_irq.o)
 .debug_line    0x000000000000068c      0x15c /opt/intelFPGA/18.1_lite/nios2eds/bin/gnu/H-x86_64-pc-linux-gnu/bin/../lib/gcc/nios2-elf/5.3.0/../../../../../H-x86_64-pc-linux-gnu/nios2-elf/lib/mno-hw-mul/libsmallc.a(lib_a-strlen.o)

.debug_frame    0x0000000000000000      0x190
 *(.debug_frame)
 .debug_frame   0x0000000000000000       0x28 obj/default/hello_world_small.o
 .debug_frame   0x0000000000000028       0x30 ../blink_2_bsp//libhal_bsp.a(alt_load.o)
 .debug_frame   0x0000000000000058       0x2c ../blink_2_bsp//libhal_bsp.a(alt_main.o)
 .debug_frame   0x0000000000000084       0x30 ../blink_2_bsp//libhal_bsp.a(alt_putstr.o)
 .debug_frame   0x00000000000000b4       0x3c ../blink_2_bsp//libhal_bsp.a(alt_sys_init.o)
 .debug_frame   0x00000000000000f0       0x20 ../blink_2_bsp//libhal_bsp.a(altera_avalon_jtag_uart_write.o)
 .debug_frame   0x0000000000000110       0x20 ../blink_2_bsp//libhal_bsp.a(alt_dcache_flush_all.o)
 .debug_frame   0x0000000000000130       0x20 ../blink_2_bsp//libhal_bsp.a(alt_icache_flush_all.o)
 .debug_frame   0x0000000000000150       0x20 ../blink_2_bsp//libhal_bsp.a(altera_nios2_gen2_irq.o)
 .debug_frame   0x0000000000000170       0x20 /opt/intelFPGA/18.1_lite/nios2eds/bin/gnu/H-x86_64-pc-linux-gnu/bin/../lib/gcc/nios2-elf/5.3.0/../../../../../H-x86_64-pc-linux-gnu/nios2-elf/lib/mno-hw-mul/libsmallc.a(lib_a-strlen.o)

.debug_str      0x0000000000000000      0x5ff
 *(.debug_str)
 .debug_str     0x0000000000000000      0x11d obj/default/hello_world_small.o
                                        0x15e (size before relaxing)
 .debug_str     0x000000000000011d      0x18f ../blink_2_bsp//libhal_bsp.a(alt_load.o)
                                        0x261 (size before relaxing)
 .debug_str     0x00000000000002ac       0x8f ../blink_2_bsp//libhal_bsp.a(alt_main.o)
                                        0x1da (size before relaxing)
 .debug_str     0x000000000000033b       0x66 ../blink_2_bsp//libhal_bsp.a(alt_putstr.o)
                                        0x1b7 (size before relaxing)
 .debug_str     0x00000000000003a1       0x86 ../blink_2_bsp//libhal_bsp.a(alt_sys_init.o)
                                        0x24b (size before relaxing)
 .debug_str     0x0000000000000427       0x3f ../blink_2_bsp//libhal_bsp.a(altera_avalon_jtag_uart_write.o)
                                        0x23a (size before relaxing)
 .debug_str     0x0000000000000466       0x1f ../blink_2_bsp//libhal_bsp.a(alt_dcache_flush_all.o)
                                        0x17a (size before relaxing)
 .debug_str     0x0000000000000485       0x1f ../blink_2_bsp//libhal_bsp.a(alt_icache_flush_all.o)
                                        0x17a (size before relaxing)
 .debug_str     0x00000000000004a4       0x20 ../blink_2_bsp//libhal_bsp.a(altera_nios2_gen2_irq.o)
                                        0x181 (size before relaxing)
 .debug_str     0x00000000000004c4      0x13b /opt/intelFPGA/18.1_lite/nios2eds/bin/gnu/H-x86_64-pc-linux-gnu/bin/../lib/gcc/nios2-elf/5.3.0/../../../../../H-x86_64-pc-linux-gnu/nios2-elf/lib/mno-hw-mul/libsmallc.a(lib_a-strlen.o)
                                        0x1e6 (size before relaxing)

.debug_loc      0x0000000000000000      0x101
 *(.debug_loc)
 .debug_loc     0x0000000000000000       0x37 ../blink_2_bsp//libhal_bsp.a(alt_putstr.o)
 .debug_loc     0x0000000000000037       0x21 ../blink_2_bsp//libhal_bsp.a(alt_sys_init.o)
 .debug_loc     0x0000000000000058       0x8b ../blink_2_bsp//libhal_bsp.a(altera_avalon_jtag_uart_write.o)
 .debug_loc     0x00000000000000e3       0x1e /opt/intelFPGA/18.1_lite/nios2eds/bin/gnu/H-x86_64-pc-linux-gnu/bin/../lib/gcc/nios2-elf/5.3.0/../../../../../H-x86_64-pc-linux-gnu/nios2-elf/lib/mno-hw-mul/libsmallc.a(lib_a-strlen.o)

.debug_macinfo
 *(.debug_macinfo)

.debug_weaknames
 *(.debug_weaknames)

.debug_funcnames
 *(.debug_funcnames)

.debug_typenames
 *(.debug_typenames)

.debug_varnames
 *(.debug_varnames)

.debug_alt_sim_info
                0x0000000000000000       0x10
 *(.debug_alt_sim_info)
 .debug_alt_sim_info
                0x0000000000000000       0x10 ../blink_2_bsp//obj/HAL/src/crt0.o
                0x0000000000008000                __alt_data_end = 0x8000
                0x0000000000008000                PROVIDE (__alt_stack_pointer, __alt_data_end)
                [!provide]                        PROVIDE (__alt_stack_limit, __alt_stack_base)
                [!provide]                        PROVIDE (__alt_heap_start, end)
                [!provide]                        PROVIDE (__alt_heap_limit, 0x8000)
OUTPUT(blink_2.elf elf32-littlenios2)

.debug_ranges   0x0000000000000000       0x88
 .debug_ranges  0x0000000000000000       0x20 ../blink_2_bsp//obj/HAL/src/crt0.o
 .debug_ranges  0x0000000000000020       0x10 obj/default/hello_world_small.o
 .debug_ranges  0x0000000000000030       0x48 ../blink_2_bsp//libhal_bsp.a(alt_load.o)
 .debug_ranges  0x0000000000000078       0x10 /opt/intelFPGA/18.1_lite/nios2eds/bin/gnu/H-x86_64-pc-linux-gnu/bin/../lib/gcc/nios2-elf/5.3.0/../../../../../H-x86_64-pc-linux-gnu/nios2-elf/lib/mno-hw-mul/libsmallc.a(lib_a-strlen.o)
