Analysis & Synthesis report for projet_vhdl
Sun Dec 12 00:13:23 2021
Quartus Prime Version 18.1.0 Build 625 09/12/2018 SJ Lite Edition


---------------------
; Table of Contents ;
---------------------
  1. Legal Notice
  2. Analysis & Synthesis Summary
  3. Analysis & Synthesis Settings
  4. Parallel Compilation
  5. Analysis & Synthesis Source Files Read
  6. Analysis & Synthesis Resource Usage Summary
  7. Analysis & Synthesis Resource Utilization by Entity
  8. User-Specified and Inferred Latches
  9. Registers Removed During Synthesis
 10. General Register Statistics
 11. Multiplexer Restructuring Statistics (Restructuring Performed)
 12. Parameter Settings for User Entity Instance: timer:timer_2hz
 13. Parameter Settings for User Entity Instance: timer:timer_2hz|diviseur:div
 14. Parameter Settings for User Entity Instance: timer:timer_2hz|diviseur:div|compteur:U1
 15. Parameter Settings for User Entity Instance: timer:timer_2hz|diviseur:div|comparateur:J1
 16. Parameter Settings for User Entity Instance: timer:timer_2hz|compteur:compt1
 17. Parameter Settings for User Entity Instance: timer:timer_2hz|comparateur:compa1
 18. Parameter Settings for User Entity Instance: timer:timer_2hz|comparateur:compa2
 19. Parameter Settings for User Entity Instance: timer:timer_pwm
 20. Parameter Settings for User Entity Instance: timer:timer_pwm|diviseur:div
 21. Parameter Settings for User Entity Instance: timer:timer_pwm|diviseur:div|compteur:U1
 22. Parameter Settings for User Entity Instance: timer:timer_pwm|diviseur:div|comparateur:J1
 23. Parameter Settings for User Entity Instance: timer:timer_pwm|compteur:compt1
 24. Parameter Settings for User Entity Instance: timer:timer_pwm|comparateur:compa1
 25. Parameter Settings for User Entity Instance: timer:timer_pwm|comparateur:compa2
 26. Parameter Settings for User Entity Instance: timer:timer_bip
 27. Parameter Settings for User Entity Instance: timer:timer_bip|diviseur:div
 28. Parameter Settings for User Entity Instance: timer:timer_bip|diviseur:div|compteur:U1
 29. Parameter Settings for User Entity Instance: timer:timer_bip|diviseur:div|comparateur:J1
 30. Parameter Settings for User Entity Instance: timer:timer_bip|compteur:compt1
 31. Parameter Settings for User Entity Instance: timer:timer_bip|comparateur:compa1
 32. Parameter Settings for User Entity Instance: timer:timer_bip|comparateur:compa2
 33. Parameter Settings for User Entity Instance: timer:timer_debounce
 34. Parameter Settings for User Entity Instance: timer:timer_debounce|diviseur:div
 35. Parameter Settings for User Entity Instance: timer:timer_debounce|diviseur:div|compteur:U1
 36. Parameter Settings for User Entity Instance: timer:timer_debounce|diviseur:div|comparateur:J1
 37. Parameter Settings for User Entity Instance: timer:timer_debounce|compteur:compt1
 38. Parameter Settings for User Entity Instance: timer:timer_debounce|comparateur:compa1
 39. Parameter Settings for User Entity Instance: timer:timer_debounce|comparateur:compa2
 40. Parameter Settings for User Entity Instance: compteur:compteur_delay
 41. Port Connectivity Checks: "compteur:compteur_delay"
 42. Port Connectivity Checks: "timer:timer_debounce"
 43. Port Connectivity Checks: "timer:timer_bip"
 44. Port Connectivity Checks: "timer:timer_pwm"
 45. Port Connectivity Checks: "timer:timer_2hz|comparateur:compa2"
 46. Port Connectivity Checks: "timer:timer_2hz|comparateur:compa1"
 47. Port Connectivity Checks: "timer:timer_2hz|compteur:compt1"
 48. Port Connectivity Checks: "timer:timer_2hz|diviseur:div|comparateur:J1"
 49. Port Connectivity Checks: "timer:timer_2hz|diviseur:div|compteur:U1"
 50. Port Connectivity Checks: "timer:timer_2hz"
 51. Post-Synthesis Netlist Statistics for Top Partition
 52. Elapsed Time Per Partition
 53. Analysis & Synthesis Messages



----------------
; Legal Notice ;
----------------
Copyright (C) 2018  Intel Corporation. All rights reserved.
Your use of Intel Corporation's design tools, logic functions 
and other software and tools, and its AMPP partner logic 
functions, and any output files from any of the foregoing 
(including device programming or simulation files), and any 
associated documentation or information are expressly subject 
to the terms and conditions of the Intel Program License 
Subscription Agreement, the Intel Quartus Prime License Agreement,
the Intel FPGA IP License Agreement, or other applicable license
agreement, including, without limitation, that your use is for
the sole purpose of programming logic devices manufactured by
Intel and sold by Intel or its authorized distributors.  Please
refer to the applicable agreement for further details.



+----------------------------------------------------------------------------------+
; Analysis & Synthesis Summary                                                     ;
+------------------------------------+---------------------------------------------+
; Analysis & Synthesis Status        ; Successful - Sun Dec 12 00:13:22 2021       ;
; Quartus Prime Version              ; 18.1.0 Build 625 09/12/2018 SJ Lite Edition ;
; Revision Name                      ; projet_vhdl                                 ;
; Top-level Entity Name              ; gestion_boutton                             ;
; Family                             ; Cyclone IV E                                ;
; Total logic elements               ; 398                                         ;
;     Total combinational functions  ; 360                                         ;
;     Dedicated logic registers      ; 205                                         ;
; Total registers                    ; 205                                         ;
; Total pins                         ; 13                                          ;
; Total virtual pins                 ; 0                                           ;
; Total memory bits                  ; 0                                           ;
; Embedded Multiplier 9-bit elements ; 0                                           ;
; Total PLLs                         ; 0                                           ;
+------------------------------------+---------------------------------------------+


+------------------------------------------------------------------------------------------------------------+
; Analysis & Synthesis Settings                                                                              ;
+------------------------------------------------------------------+--------------------+--------------------+
; Option                                                           ; Setting            ; Default Value      ;
+------------------------------------------------------------------+--------------------+--------------------+
; Device                                                           ; EP4CE22F17C6       ;                    ;
; Top-level entity name                                            ; gestion_boutton    ; projet_vhdl        ;
; Family name                                                      ; Cyclone IV E       ; Cyclone V          ;
; Use smart compilation                                            ; Off                ; Off                ;
; Enable parallel Assembler and Timing Analyzer during compilation ; On                 ; On                 ;
; Enable compact report table                                      ; Off                ; Off                ;
; Restructure Multiplexers                                         ; Auto               ; Auto               ;
; Create Debugging Nodes for IP Cores                              ; Off                ; Off                ;
; Preserve fewer node names                                        ; On                 ; On                 ;
; Intel FPGA IP Evaluation Mode                                    ; Enable             ; Enable             ;
; Verilog Version                                                  ; Verilog_2001       ; Verilog_2001       ;
; VHDL Version                                                     ; VHDL_1993          ; VHDL_1993          ;
; State Machine Processing                                         ; Auto               ; Auto               ;
; Safe State Machine                                               ; Off                ; Off                ;
; Extract Verilog State Machines                                   ; On                 ; On                 ;
; Extract VHDL State Machines                                      ; On                 ; On                 ;
; Ignore Verilog initial constructs                                ; Off                ; Off                ;
; Iteration limit for constant Verilog loops                       ; 5000               ; 5000               ;
; Iteration limit for non-constant Verilog loops                   ; 250                ; 250                ;
; Add Pass-Through Logic to Inferred RAMs                          ; On                 ; On                 ;
; Infer RAMs from Raw Logic                                        ; On                 ; On                 ;
; Parallel Synthesis                                               ; On                 ; On                 ;
; DSP Block Balancing                                              ; Auto               ; Auto               ;
; NOT Gate Push-Back                                               ; On                 ; On                 ;
; Power-Up Don't Care                                              ; On                 ; On                 ;
; Remove Redundant Logic Cells                                     ; Off                ; Off                ;
; Remove Duplicate Registers                                       ; On                 ; On                 ;
; Ignore CARRY Buffers                                             ; Off                ; Off                ;
; Ignore CASCADE Buffers                                           ; Off                ; Off                ;
; Ignore GLOBAL Buffers                                            ; Off                ; Off                ;
; Ignore ROW GLOBAL Buffers                                        ; Off                ; Off                ;
; Ignore LCELL Buffers                                             ; Off                ; Off                ;
; Ignore SOFT Buffers                                              ; On                 ; On                 ;
; Limit AHDL Integers to 32 Bits                                   ; Off                ; Off                ;
; Optimization Technique                                           ; Balanced           ; Balanced           ;
; Carry Chain Length                                               ; 70                 ; 70                 ;
; Auto Carry Chains                                                ; On                 ; On                 ;
; Auto Open-Drain Pins                                             ; On                 ; On                 ;
; Perform WYSIWYG Primitive Resynthesis                            ; Off                ; Off                ;
; Auto ROM Replacement                                             ; On                 ; On                 ;
; Auto RAM Replacement                                             ; On                 ; On                 ;
; Auto DSP Block Replacement                                       ; On                 ; On                 ;
; Auto Shift Register Replacement                                  ; Auto               ; Auto               ;
; Allow Shift Register Merging across Hierarchies                  ; Auto               ; Auto               ;
; Auto Clock Enable Replacement                                    ; On                 ; On                 ;
; Strict RAM Replacement                                           ; Off                ; Off                ;
; Allow Synchronous Control Signals                                ; On                 ; On                 ;
; Force Use of Synchronous Clear Signals                           ; Off                ; Off                ;
; Auto RAM Block Balancing                                         ; On                 ; On                 ;
; Auto RAM to Logic Cell Conversion                                ; Off                ; Off                ;
; Auto Resource Sharing                                            ; Off                ; Off                ;
; Allow Any RAM Size For Recognition                               ; Off                ; Off                ;
; Allow Any ROM Size For Recognition                               ; Off                ; Off                ;
; Allow Any Shift Register Size For Recognition                    ; Off                ; Off                ;
; Use LogicLock Constraints during Resource Balancing              ; On                 ; On                 ;
; Ignore translate_off and synthesis_off directives                ; Off                ; Off                ;
; Timing-Driven Synthesis                                          ; On                 ; On                 ;
; Report Parameter Settings                                        ; On                 ; On                 ;
; Report Source Assignments                                        ; On                 ; On                 ;
; Report Connectivity Checks                                       ; On                 ; On                 ;
; Ignore Maximum Fan-Out Assignments                               ; Off                ; Off                ;
; Synchronization Register Chain Length                            ; 2                  ; 2                  ;
; Power Optimization During Synthesis                              ; Normal compilation ; Normal compilation ;
; HDL message level                                                ; Level2             ; Level2             ;
; Suppress Register Optimization Related Messages                  ; Off                ; Off                ;
; Number of Removed Registers Reported in Synthesis Report         ; 5000               ; 5000               ;
; Number of Swept Nodes Reported in Synthesis Report               ; 5000               ; 5000               ;
; Number of Inverted Registers Reported in Synthesis Report        ; 100                ; 100                ;
; Clock MUX Protection                                             ; On                 ; On                 ;
; Auto Gated Clock Conversion                                      ; Off                ; Off                ;
; Block Design Naming                                              ; Auto               ; Auto               ;
; SDC constraint protection                                        ; Off                ; Off                ;
; Synthesis Effort                                                 ; Auto               ; Auto               ;
; Shift Register Replacement - Allow Asynchronous Clear Signal     ; On                 ; On                 ;
; Pre-Mapping Resynthesis Optimization                             ; Off                ; Off                ;
; Analysis & Synthesis Message Level                               ; Medium             ; Medium             ;
; Disable Register Merging Across Hierarchies                      ; Auto               ; Auto               ;
; Resource Aware Inference For Block RAM                           ; On                 ; On                 ;
+------------------------------------------------------------------+--------------------+--------------------+


+------------------------------------------+
; Parallel Compilation                     ;
+----------------------------+-------------+
; Processors                 ; Number      ;
+----------------------------+-------------+
; Number detected on machine ; 4           ;
; Maximum allowed            ; 4           ;
;                            ;             ;
; Average used               ; 1.00        ;
; Maximum used               ; 4           ;
;                            ;             ;
; Usage by Processor         ; % Time Used ;
;     Processor 1            ; 100.0%      ;
;     Processor 2            ;   0.0%      ;
;     Processors 3-4         ;   0.0%      ;
+----------------------------+-------------+


+----------------------------------------------------------------------------------------------------------------------------------------------------------------------------------------------------------------------------+
; Analysis & Synthesis Source Files Read                                                                                                                                                                                     ;
+---------------------------------------+-----------------+-----------------+--------------------------------------------------------------------------------------------------------------------------------------+---------+
; File Name with User-Entered Path      ; Used in Netlist ; File Type       ; File Name with Absolute Path                                                                                                         ; Library ;
+---------------------------------------+-----------------+-----------------+--------------------------------------------------------------------------------------------------------------------------------------+---------+
; ../functions/FPGA/gestion_boutton.vhd ; yes             ; User VHDL File  ; /home/prince/Seafile/Education/Fac/M2_SME/Synthese_Mise_en_Oeuvre_Systemes/VHDL-M2_SME/BE/functions/FPGA/gestion_boutton.vhd         ;         ;
; components/edge_detector.vhd          ; yes             ; User VHDL File  ; /home/prince/Seafile/Education/Fac/M2_SME/Synthese_Mise_en_Oeuvre_Systemes/VHDL-M2_SME/BE/Functions_dev/components/edge_detector.vhd ;         ;
; components/timer.vhd                  ; yes             ; User VHDL File  ; /home/prince/Seafile/Education/Fac/M2_SME/Synthese_Mise_en_Oeuvre_Systemes/VHDL-M2_SME/BE/Functions_dev/components/timer.vhd         ;         ;
; components/compteur.vhd               ; yes             ; User VHDL File  ; /home/prince/Seafile/Education/Fac/M2_SME/Synthese_Mise_en_Oeuvre_Systemes/VHDL-M2_SME/BE/Functions_dev/components/compteur.vhd      ;         ;
; components/comparateur.vhd            ; yes             ; User VHDL File  ; /home/prince/Seafile/Education/Fac/M2_SME/Synthese_Mise_en_Oeuvre_Systemes/VHDL-M2_SME/BE/Functions_dev/components/comparateur.vhd   ;         ;
; components/diviseur.vhd               ; yes             ; User VHDL File  ; /home/prince/Seafile/Education/Fac/M2_SME/Synthese_Mise_en_Oeuvre_Systemes/VHDL-M2_SME/BE/Functions_dev/components/diviseur.vhd      ;         ;
+---------------------------------------+-----------------+-----------------+--------------------------------------------------------------------------------------------------------------------------------------+---------+


+-------------------------------------------------------------+
; Analysis & Synthesis Resource Usage Summary                 ;
+---------------------------------------------+---------------+
; Resource                                    ; Usage         ;
+---------------------------------------------+---------------+
; Estimated Total logic elements              ; 398           ;
;                                             ;               ;
; Total combinational functions               ; 360           ;
; Logic element usage by number of LUT inputs ;               ;
;     -- 4 input functions                    ; 114           ;
;     -- 3 input functions                    ; 75            ;
;     -- <=2 input functions                  ; 171           ;
;                                             ;               ;
; Logic elements by mode                      ;               ;
;     -- normal mode                          ; 195           ;
;     -- arithmetic mode                      ; 165           ;
;                                             ;               ;
; Total registers                             ; 205           ;
;     -- Dedicated logic registers            ; 205           ;
;     -- I/O registers                        ; 0             ;
;                                             ;               ;
; I/O pins                                    ; 13            ;
;                                             ;               ;
; Embedded Multiplier 9-bit elements          ; 0             ;
;                                             ;               ;
; Maximum fan-out node                        ; clk_50M~input ;
; Maximum fan-out                             ; 205           ;
; Total fan-out                               ; 1668          ;
; Average fan-out                             ; 2.82          ;
+---------------------------------------------+---------------+


+--------------------------------------------------------------------------------------------------------------------------------------------------------------------------------------------------------------------------------------------------------------------+
; Analysis & Synthesis Resource Utilization by Entity                                                                                                                                                                                                                ;
+------------------------------------+---------------------+---------------------------+-------------+--------------+---------+-----------+------+--------------+-------------------------------------------------------------------+-----------------+--------------+
; Compilation Hierarchy Node         ; Combinational ALUTs ; Dedicated Logic Registers ; Memory Bits ; DSP Elements ; DSP 9x9 ; DSP 18x18 ; Pins ; Virtual Pins ; Full Hierarchy Name                                               ; Entity Name     ; Library Name ;
+------------------------------------+---------------------+---------------------------+-------------+--------------+---------+-----------+------+--------------+-------------------------------------------------------------------+-----------------+--------------+
; |gestion_boutton                   ; 360 (63)            ; 205 (19)                  ; 0           ; 0            ; 0       ; 0         ; 13   ; 0            ; |gestion_boutton                                                  ; gestion_boutton ; work         ;
;    |compteur:compteur_delay|       ; 16 (16)             ; 16 (16)                   ; 0           ; 0            ; 0       ; 0         ; 0    ; 0            ; |gestion_boutton|compteur:compteur_delay                          ; compteur        ; work         ;
;    |edge_detector:edge_detector_1| ; 1 (1)               ; 2 (2)                     ; 0           ; 0            ; 0       ; 0         ; 0    ; 0            ; |gestion_boutton|edge_detector:edge_detector_1                    ; edge_detector   ; work         ;
;    |timer:timer_2hz|               ; 65 (4)              ; 34 (2)                    ; 0           ; 0            ; 0       ; 0         ; 0    ; 0            ; |gestion_boutton|timer:timer_2hz                                  ; timer           ; work         ;
;       |comparateur:compa1|         ; 3 (3)               ; 0 (0)                     ; 0           ; 0            ; 0       ; 0         ; 0    ; 0            ; |gestion_boutton|timer:timer_2hz|comparateur:compa1               ; comparateur     ; work         ;
;       |comparateur:compa2|         ; 13 (13)             ; 0 (0)                     ; 0           ; 0            ; 0       ; 0         ; 0    ; 0            ; |gestion_boutton|timer:timer_2hz|comparateur:compa2               ; comparateur     ; work         ;
;       |compteur:compt1|            ; 17 (17)             ; 16 (16)                   ; 0           ; 0            ; 0       ; 0         ; 0    ; 0            ; |gestion_boutton|timer:timer_2hz|compteur:compt1                  ; compteur        ; work         ;
;       |diviseur:div|               ; 28 (1)              ; 16 (0)                    ; 0           ; 0            ; 0       ; 0         ; 0    ; 0            ; |gestion_boutton|timer:timer_2hz|diviseur:div                     ; diviseur        ; work         ;
;          |comparateur:J1|          ; 11 (11)             ; 0 (0)                     ; 0           ; 0            ; 0       ; 0         ; 0    ; 0            ; |gestion_boutton|timer:timer_2hz|diviseur:div|comparateur:J1      ; comparateur     ; work         ;
;          |compteur:U1|             ; 16 (16)             ; 16 (16)                   ; 0           ; 0            ; 0       ; 0         ; 0    ; 0            ; |gestion_boutton|timer:timer_2hz|diviseur:div|compteur:U1         ; compteur        ; work         ;
;    |timer:timer_bip|               ; 81 (18)             ; 51 (19)                   ; 0           ; 0            ; 0       ; 0         ; 0    ; 0            ; |gestion_boutton|timer:timer_bip                                  ; timer           ; work         ;
;       |comparateur:compa1|         ; 3 (3)               ; 0 (0)                     ; 0           ; 0            ; 0       ; 0         ; 0    ; 0            ; |gestion_boutton|timer:timer_bip|comparateur:compa1               ; comparateur     ; work         ;
;       |comparateur:compa2|         ; 15 (15)             ; 0 (0)                     ; 0           ; 0            ; 0       ; 0         ; 0    ; 0            ; |gestion_boutton|timer:timer_bip|comparateur:compa2               ; comparateur     ; work         ;
;       |compteur:compt1|            ; 17 (17)             ; 16 (16)                   ; 0           ; 0            ; 0       ; 0         ; 0    ; 0            ; |gestion_boutton|timer:timer_bip|compteur:compt1                  ; compteur        ; work         ;
;       |diviseur:div|               ; 28 (1)              ; 16 (0)                    ; 0           ; 0            ; 0       ; 0         ; 0    ; 0            ; |gestion_boutton|timer:timer_bip|diviseur:div                     ; diviseur        ; work         ;
;          |comparateur:J1|          ; 11 (11)             ; 0 (0)                     ; 0           ; 0            ; 0       ; 0         ; 0    ; 0            ; |gestion_boutton|timer:timer_bip|diviseur:div|comparateur:J1      ; comparateur     ; work         ;
;          |compteur:U1|             ; 16 (16)             ; 16 (16)                   ; 0           ; 0            ; 0       ; 0         ; 0    ; 0            ; |gestion_boutton|timer:timer_bip|diviseur:div|compteur:U1         ; compteur        ; work         ;
;    |timer:timer_debounce|          ; 69 (16)             ; 50 (18)                   ; 0           ; 0            ; 0       ; 0         ; 0    ; 0            ; |gestion_boutton|timer:timer_debounce                             ; timer           ; work         ;
;       |comparateur:compa1|         ; 5 (5)               ; 0 (0)                     ; 0           ; 0            ; 0       ; 0         ; 0    ; 0            ; |gestion_boutton|timer:timer_debounce|comparateur:compa1          ; comparateur     ; work         ;
;       |compteur:compt1|            ; 17 (17)             ; 16 (16)                   ; 0           ; 0            ; 0       ; 0         ; 0    ; 0            ; |gestion_boutton|timer:timer_debounce|compteur:compt1             ; compteur        ; work         ;
;       |diviseur:div|               ; 31 (0)              ; 16 (0)                    ; 0           ; 0            ; 0       ; 0         ; 0    ; 0            ; |gestion_boutton|timer:timer_debounce|diviseur:div                ; diviseur        ; work         ;
;          |comparateur:J1|          ; 15 (15)             ; 0 (0)                     ; 0           ; 0            ; 0       ; 0         ; 0    ; 0            ; |gestion_boutton|timer:timer_debounce|diviseur:div|comparateur:J1 ; comparateur     ; work         ;
;          |compteur:U1|             ; 16 (16)             ; 16 (16)                   ; 0           ; 0            ; 0       ; 0         ; 0    ; 0            ; |gestion_boutton|timer:timer_debounce|diviseur:div|compteur:U1    ; compteur        ; work         ;
;    |timer:timer_pwm|               ; 65 (4)              ; 33 (1)                    ; 0           ; 0            ; 0       ; 0         ; 0    ; 0            ; |gestion_boutton|timer:timer_pwm                                  ; timer           ; work         ;
;       |comparateur:compa1|         ; 2 (2)               ; 0 (0)                     ; 0           ; 0            ; 0       ; 0         ; 0    ; 0            ; |gestion_boutton|timer:timer_pwm|comparateur:compa1               ; comparateur     ; work         ;
;       |comparateur:compa2|         ; 13 (13)             ; 0 (0)                     ; 0           ; 0            ; 0       ; 0         ; 0    ; 0            ; |gestion_boutton|timer:timer_pwm|comparateur:compa2               ; comparateur     ; work         ;
;       |compteur:compt1|            ; 17 (17)             ; 16 (16)                   ; 0           ; 0            ; 0       ; 0         ; 0    ; 0            ; |gestion_boutton|timer:timer_pwm|compteur:compt1                  ; compteur        ; work         ;
;       |diviseur:div|               ; 29 (1)              ; 16 (0)                    ; 0           ; 0            ; 0       ; 0         ; 0    ; 0            ; |gestion_boutton|timer:timer_pwm|diviseur:div                     ; diviseur        ; work         ;
;          |comparateur:J1|          ; 12 (12)             ; 0 (0)                     ; 0           ; 0            ; 0       ; 0         ; 0    ; 0            ; |gestion_boutton|timer:timer_pwm|diviseur:div|comparateur:J1      ; comparateur     ; work         ;
;          |compteur:U1|             ; 16 (16)             ; 16 (16)                   ; 0           ; 0            ; 0       ; 0         ; 0    ; 0            ; |gestion_boutton|timer:timer_pwm|diviseur:div|compteur:U1         ; compteur        ; work         ;
+------------------------------------+---------------------+---------------------------+-------------+--------------+---------+-----------+------+--------------+-------------------------------------------------------------------+-----------------+--------------+
Note: For table entries with two numbers listed, the numbers in parentheses indicate the number of resources of the given type used by the specific entity alone. The numbers listed outside of parentheses indicate the total resources of the given type used by the specific entity and all of its sub-entities in the hierarchy.


+-----------------------------------------------------------------------------------------------------------------------+
; User-Specified and Inferred Latches                                                                                   ;
+------------------------------------------------------------------------+---------------------+------------------------+
; Latch Name                                                             ; Latch Enable Signal ; Free of Timing Hazards ;
+------------------------------------------------------------------------+---------------------+------------------------+
; timer:timer_pwm|comparateur:compa2|sortie_comparaison[1]               ; GND                 ; yes                    ;
; timer:timer_pwm|comparateur:compa2|sortie_comparaison[0]               ; GND                 ; yes                    ;
; timer:timer_bip|comparateur:compa2|sortie_comparaison[1]               ; GND                 ; yes                    ;
; timer:timer_bip|comparateur:compa2|sortie_comparaison[0]               ; GND                 ; yes                    ;
; timer:timer_2hz|comparateur:compa2|sortie_comparaison[1]               ; GND                 ; yes                    ;
; timer:timer_2hz|comparateur:compa2|sortie_comparaison[0]               ; GND                 ; yes                    ;
; timer:timer_bip|diviseur:div|comparateur:J1|sortie_comparaison[1]      ; GND                 ; yes                    ;
; timer:timer_pwm|diviseur:div|comparateur:J1|sortie_comparaison[1]      ; GND                 ; yes                    ;
; timer:timer_bip|comparateur:compa1|sortie_comparaison[2]               ; GND                 ; yes                    ;
; timer:timer_2hz|diviseur:div|comparateur:J1|sortie_comparaison[1]      ; GND                 ; yes                    ;
; timer:timer_pwm|comparateur:compa1|sortie_comparaison[2]               ; GND                 ; yes                    ;
; timer:timer_debounce|diviseur:div|comparateur:J1|sortie_comparaison[1] ; GND                 ; yes                    ;
; timer:timer_bip|diviseur:div|comparateur:J1|sortie_comparaison[2]      ; GND                 ; yes                    ;
; timer:timer_2hz|comparateur:compa1|sortie_comparaison[2]               ; GND                 ; yes                    ;
; timer:timer_pwm|diviseur:div|comparateur:J1|sortie_comparaison[2]      ; GND                 ; yes                    ;
; timer:timer_debounce|comparateur:compa1|sortie_comparaison[2]          ; GND                 ; yes                    ;
; timer:timer_2hz|diviseur:div|comparateur:J1|sortie_comparaison[2]      ; GND                 ; yes                    ;
; timer:timer_debounce|diviseur:div|comparateur:J1|sortie_comparaison[2] ; GND                 ; yes                    ;
; Number of user-specified and inferred latches = 18                     ;                     ;                        ;
+------------------------------------------------------------------------+---------------------+------------------------+
Note: All latches listed above may not be present at the end of synthesis due to various synthesis optimizations.


+--------------------------------------------------------------------------------+
; Registers Removed During Synthesis                                             ;
+---------------------------------------+----------------------------------------+
; Register name                         ; Reason for Removal                     ;
+---------------------------------------+----------------------------------------+
; codeFonction[3]~reg0                  ; Stuck at GND due to stuck port data_in ;
; timer:timer_debounce|Reset_div        ; Stuck at GND due to stuck port data_in ;
; timer:timer_pwm|Reset_div             ; Merged with timer:timer_2hz|Reset_div  ;
; Total Number of Removed Registers = 3 ;                                        ;
+---------------------------------------+----------------------------------------+


+------------------------------------------------------+
; General Register Statistics                          ;
+----------------------------------------------+-------+
; Statistic                                    ; Value ;
+----------------------------------------------+-------+
; Total registers                              ; 205   ;
; Number of registers using Synchronous Clear  ; 145   ;
; Number of registers using Synchronous Load   ; 0     ;
; Number of registers using Asynchronous Clear ; 4     ;
; Number of registers using Asynchronous Load  ; 0     ;
; Number of registers using Clock Enable       ; 77    ;
; Number of registers using Preset             ; 0     ;
+----------------------------------------------+-------+


+------------------------------------------------------------------------------------------------------------------------------------------------------------------------------+
; Multiplexer Restructuring Statistics (Restructuring Performed)                                                                                                               ;
+--------------------+-----------+---------------+----------------------+------------------------+------------+----------------------------------------------------------------+
; Multiplexer Inputs ; Bus Width ; Baseline Area ; Area if Restructured ; Saving if Restructured ; Registered ; Example Multiplexer Output                                     ;
+--------------------+-----------+---------------+----------------------+------------------------+------------+----------------------------------------------------------------+
; 3:1                ; 16 bits   ; 32 LEs        ; 16 LEs               ; 16 LEs                 ; Yes        ; |gestion_boutton|timer:timer_bip|compteur:compt1|count[15]     ;
; 3:1                ; 16 bits   ; 32 LEs        ; 16 LEs               ; 16 LEs                 ; Yes        ; |gestion_boutton|timer:timer_pwm|compteur:compt1|count[2]      ;
; 3:1                ; 16 bits   ; 32 LEs        ; 16 LEs               ; 16 LEs                 ; Yes        ; |gestion_boutton|timer:timer_2hz|compteur:compt1|count[15]     ;
; 3:1                ; 16 bits   ; 32 LEs        ; 16 LEs               ; 16 LEs                 ; Yes        ; |gestion_boutton|timer:timer_debounce|compteur:compt1|count[4] ;
+--------------------+-----------+---------------+----------------------+------------------------+------------+----------------------------------------------------------------+


+--------------------------------------------------------------+
; Parameter Settings for User Entity Instance: timer:timer_2hz ;
+----------------+-------+-------------------------------------+
; Parameter Name ; Value ; Type                                ;
+----------------+-------+-------------------------------------+
; p              ; 16    ; Signed Integer                      ;
+----------------+-------+-------------------------------------+
Note: In order to hide this table in the UI and the text report file, please set the "Show Parameter Settings in Synthesis Report" option in "Analysis and Synthesis Settings -> More Settings" to "Off".


+---------------------------------------------------------------------------+
; Parameter Settings for User Entity Instance: timer:timer_2hz|diviseur:div ;
+----------------+-------+--------------------------------------------------+
; Parameter Name ; Value ; Type                                             ;
+----------------+-------+--------------------------------------------------+
; p              ; 16    ; Signed Integer                                   ;
+----------------+-------+--------------------------------------------------+
Note: In order to hide this table in the UI and the text report file, please set the "Show Parameter Settings in Synthesis Report" option in "Analysis and Synthesis Settings -> More Settings" to "Off".


+---------------------------------------------------------------------------------------+
; Parameter Settings for User Entity Instance: timer:timer_2hz|diviseur:div|compteur:U1 ;
+----------------+-------+--------------------------------------------------------------+
; Parameter Name ; Value ; Type                                                         ;
+----------------+-------+--------------------------------------------------------------+
; n              ; 16    ; Signed Integer                                               ;
+----------------+-------+--------------------------------------------------------------+
Note: In order to hide this table in the UI and the text report file, please set the "Show Parameter Settings in Synthesis Report" option in "Analysis and Synthesis Settings -> More Settings" to "Off".


+------------------------------------------------------------------------------------------+
; Parameter Settings for User Entity Instance: timer:timer_2hz|diviseur:div|comparateur:J1 ;
+----------------+-------+-----------------------------------------------------------------+
; Parameter Name ; Value ; Type                                                            ;
+----------------+-------+-----------------------------------------------------------------+
; n              ; 16    ; Signed Integer                                                  ;
+----------------+-------+-----------------------------------------------------------------+
Note: In order to hide this table in the UI and the text report file, please set the "Show Parameter Settings in Synthesis Report" option in "Analysis and Synthesis Settings -> More Settings" to "Off".


+------------------------------------------------------------------------------+
; Parameter Settings for User Entity Instance: timer:timer_2hz|compteur:compt1 ;
+----------------+-------+-----------------------------------------------------+
; Parameter Name ; Value ; Type                                                ;
+----------------+-------+-----------------------------------------------------+
; n              ; 16    ; Signed Integer                                      ;
+----------------+-------+-----------------------------------------------------+
Note: In order to hide this table in the UI and the text report file, please set the "Show Parameter Settings in Synthesis Report" option in "Analysis and Synthesis Settings -> More Settings" to "Off".


+---------------------------------------------------------------------------------+
; Parameter Settings for User Entity Instance: timer:timer_2hz|comparateur:compa1 ;
+----------------+-------+--------------------------------------------------------+
; Parameter Name ; Value ; Type                                                   ;
+----------------+-------+--------------------------------------------------------+
; n              ; 16    ; Signed Integer                                         ;
+----------------+-------+--------------------------------------------------------+
Note: In order to hide this table in the UI and the text report file, please set the "Show Parameter Settings in Synthesis Report" option in "Analysis and Synthesis Settings -> More Settings" to "Off".


+---------------------------------------------------------------------------------+
; Parameter Settings for User Entity Instance: timer:timer_2hz|comparateur:compa2 ;
+----------------+-------+--------------------------------------------------------+
; Parameter Name ; Value ; Type                                                   ;
+----------------+-------+--------------------------------------------------------+
; n              ; 16    ; Signed Integer                                         ;
+----------------+-------+--------------------------------------------------------+
Note: In order to hide this table in the UI and the text report file, please set the "Show Parameter Settings in Synthesis Report" option in "Analysis and Synthesis Settings -> More Settings" to "Off".


+--------------------------------------------------------------+
; Parameter Settings for User Entity Instance: timer:timer_pwm ;
+----------------+-------+-------------------------------------+
; Parameter Name ; Value ; Type                                ;
+----------------+-------+-------------------------------------+
; p              ; 16    ; Signed Integer                      ;
+----------------+-------+-------------------------------------+
Note: In order to hide this table in the UI and the text report file, please set the "Show Parameter Settings in Synthesis Report" option in "Analysis and Synthesis Settings -> More Settings" to "Off".


+---------------------------------------------------------------------------+
; Parameter Settings for User Entity Instance: timer:timer_pwm|diviseur:div ;
+----------------+-------+--------------------------------------------------+
; Parameter Name ; Value ; Type                                             ;
+----------------+-------+--------------------------------------------------+
; p              ; 16    ; Signed Integer                                   ;
+----------------+-------+--------------------------------------------------+
Note: In order to hide this table in the UI and the text report file, please set the "Show Parameter Settings in Synthesis Report" option in "Analysis and Synthesis Settings -> More Settings" to "Off".


+---------------------------------------------------------------------------------------+
; Parameter Settings for User Entity Instance: timer:timer_pwm|diviseur:div|compteur:U1 ;
+----------------+-------+--------------------------------------------------------------+
; Parameter Name ; Value ; Type                                                         ;
+----------------+-------+--------------------------------------------------------------+
; n              ; 16    ; Signed Integer                                               ;
+----------------+-------+--------------------------------------------------------------+
Note: In order to hide this table in the UI and the text report file, please set the "Show Parameter Settings in Synthesis Report" option in "Analysis and Synthesis Settings -> More Settings" to "Off".


+------------------------------------------------------------------------------------------+
; Parameter Settings for User Entity Instance: timer:timer_pwm|diviseur:div|comparateur:J1 ;
+----------------+-------+-----------------------------------------------------------------+
; Parameter Name ; Value ; Type                                                            ;
+----------------+-------+-----------------------------------------------------------------+
; n              ; 16    ; Signed Integer                                                  ;
+----------------+-------+-----------------------------------------------------------------+
Note: In order to hide this table in the UI and the text report file, please set the "Show Parameter Settings in Synthesis Report" option in "Analysis and Synthesis Settings -> More Settings" to "Off".


+------------------------------------------------------------------------------+
; Parameter Settings for User Entity Instance: timer:timer_pwm|compteur:compt1 ;
+----------------+-------+-----------------------------------------------------+
; Parameter Name ; Value ; Type                                                ;
+----------------+-------+-----------------------------------------------------+
; n              ; 16    ; Signed Integer                                      ;
+----------------+-------+-----------------------------------------------------+
Note: In order to hide this table in the UI and the text report file, please set the "Show Parameter Settings in Synthesis Report" option in "Analysis and Synthesis Settings -> More Settings" to "Off".


+---------------------------------------------------------------------------------+
; Parameter Settings for User Entity Instance: timer:timer_pwm|comparateur:compa1 ;
+----------------+-------+--------------------------------------------------------+
; Parameter Name ; Value ; Type                                                   ;
+----------------+-------+--------------------------------------------------------+
; n              ; 16    ; Signed Integer                                         ;
+----------------+-------+--------------------------------------------------------+
Note: In order to hide this table in the UI and the text report file, please set the "Show Parameter Settings in Synthesis Report" option in "Analysis and Synthesis Settings -> More Settings" to "Off".


+---------------------------------------------------------------------------------+
; Parameter Settings for User Entity Instance: timer:timer_pwm|comparateur:compa2 ;
+----------------+-------+--------------------------------------------------------+
; Parameter Name ; Value ; Type                                                   ;
+----------------+-------+--------------------------------------------------------+
; n              ; 16    ; Signed Integer                                         ;
+----------------+-------+--------------------------------------------------------+
Note: In order to hide this table in the UI and the text report file, please set the "Show Parameter Settings in Synthesis Report" option in "Analysis and Synthesis Settings -> More Settings" to "Off".


+--------------------------------------------------------------+
; Parameter Settings for User Entity Instance: timer:timer_bip ;
+----------------+-------+-------------------------------------+
; Parameter Name ; Value ; Type                                ;
+----------------+-------+-------------------------------------+
; p              ; 16    ; Signed Integer                      ;
+----------------+-------+-------------------------------------+
Note: In order to hide this table in the UI and the text report file, please set the "Show Parameter Settings in Synthesis Report" option in "Analysis and Synthesis Settings -> More Settings" to "Off".


+---------------------------------------------------------------------------+
; Parameter Settings for User Entity Instance: timer:timer_bip|diviseur:div ;
+----------------+-------+--------------------------------------------------+
; Parameter Name ; Value ; Type                                             ;
+----------------+-------+--------------------------------------------------+
; p              ; 16    ; Signed Integer                                   ;
+----------------+-------+--------------------------------------------------+
Note: In order to hide this table in the UI and the text report file, please set the "Show Parameter Settings in Synthesis Report" option in "Analysis and Synthesis Settings -> More Settings" to "Off".


+---------------------------------------------------------------------------------------+
; Parameter Settings for User Entity Instance: timer:timer_bip|diviseur:div|compteur:U1 ;
+----------------+-------+--------------------------------------------------------------+
; Parameter Name ; Value ; Type                                                         ;
+----------------+-------+--------------------------------------------------------------+
; n              ; 16    ; Signed Integer                                               ;
+----------------+-------+--------------------------------------------------------------+
Note: In order to hide this table in the UI and the text report file, please set the "Show Parameter Settings in Synthesis Report" option in "Analysis and Synthesis Settings -> More Settings" to "Off".


+------------------------------------------------------------------------------------------+
; Parameter Settings for User Entity Instance: timer:timer_bip|diviseur:div|comparateur:J1 ;
+----------------+-------+-----------------------------------------------------------------+
; Parameter Name ; Value ; Type                                                            ;
+----------------+-------+-----------------------------------------------------------------+
; n              ; 16    ; Signed Integer                                                  ;
+----------------+-------+-----------------------------------------------------------------+
Note: In order to hide this table in the UI and the text report file, please set the "Show Parameter Settings in Synthesis Report" option in "Analysis and Synthesis Settings -> More Settings" to "Off".


+------------------------------------------------------------------------------+
; Parameter Settings for User Entity Instance: timer:timer_bip|compteur:compt1 ;
+----------------+-------+-----------------------------------------------------+
; Parameter Name ; Value ; Type                                                ;
+----------------+-------+-----------------------------------------------------+
; n              ; 16    ; Signed Integer                                      ;
+----------------+-------+-----------------------------------------------------+
Note: In order to hide this table in the UI and the text report file, please set the "Show Parameter Settings in Synthesis Report" option in "Analysis and Synthesis Settings -> More Settings" to "Off".


+---------------------------------------------------------------------------------+
; Parameter Settings for User Entity Instance: timer:timer_bip|comparateur:compa1 ;
+----------------+-------+--------------------------------------------------------+
; Parameter Name ; Value ; Type                                                   ;
+----------------+-------+--------------------------------------------------------+
; n              ; 16    ; Signed Integer                                         ;
+----------------+-------+--------------------------------------------------------+
Note: In order to hide this table in the UI and the text report file, please set the "Show Parameter Settings in Synthesis Report" option in "Analysis and Synthesis Settings -> More Settings" to "Off".


+---------------------------------------------------------------------------------+
; Parameter Settings for User Entity Instance: timer:timer_bip|comparateur:compa2 ;
+----------------+-------+--------------------------------------------------------+
; Parameter Name ; Value ; Type                                                   ;
+----------------+-------+--------------------------------------------------------+
; n              ; 16    ; Signed Integer                                         ;
+----------------+-------+--------------------------------------------------------+
Note: In order to hide this table in the UI and the text report file, please set the "Show Parameter Settings in Synthesis Report" option in "Analysis and Synthesis Settings -> More Settings" to "Off".


+-------------------------------------------------------------------+
; Parameter Settings for User Entity Instance: timer:timer_debounce ;
+----------------+-------+------------------------------------------+
; Parameter Name ; Value ; Type                                     ;
+----------------+-------+------------------------------------------+
; p              ; 16    ; Signed Integer                           ;
+----------------+-------+------------------------------------------+
Note: In order to hide this table in the UI and the text report file, please set the "Show Parameter Settings in Synthesis Report" option in "Analysis and Synthesis Settings -> More Settings" to "Off".


+--------------------------------------------------------------------------------+
; Parameter Settings for User Entity Instance: timer:timer_debounce|diviseur:div ;
+----------------+-------+-------------------------------------------------------+
; Parameter Name ; Value ; Type                                                  ;
+----------------+-------+-------------------------------------------------------+
; p              ; 16    ; Signed Integer                                        ;
+----------------+-------+-------------------------------------------------------+
Note: In order to hide this table in the UI and the text report file, please set the "Show Parameter Settings in Synthesis Report" option in "Analysis and Synthesis Settings -> More Settings" to "Off".


+--------------------------------------------------------------------------------------------+
; Parameter Settings for User Entity Instance: timer:timer_debounce|diviseur:div|compteur:U1 ;
+----------------+-------+-------------------------------------------------------------------+
; Parameter Name ; Value ; Type                                                              ;
+----------------+-------+-------------------------------------------------------------------+
; n              ; 16    ; Signed Integer                                                    ;
+----------------+-------+-------------------------------------------------------------------+
Note: In order to hide this table in the UI and the text report file, please set the "Show Parameter Settings in Synthesis Report" option in "Analysis and Synthesis Settings -> More Settings" to "Off".


+-----------------------------------------------------------------------------------------------+
; Parameter Settings for User Entity Instance: timer:timer_debounce|diviseur:div|comparateur:J1 ;
+----------------+-------+----------------------------------------------------------------------+
; Parameter Name ; Value ; Type                                                                 ;
+----------------+-------+----------------------------------------------------------------------+
; n              ; 16    ; Signed Integer                                                       ;
+----------------+-------+----------------------------------------------------------------------+
Note: In order to hide this table in the UI and the text report file, please set the "Show Parameter Settings in Synthesis Report" option in "Analysis and Synthesis Settings -> More Settings" to "Off".


+-----------------------------------------------------------------------------------+
; Parameter Settings for User Entity Instance: timer:timer_debounce|compteur:compt1 ;
+----------------+-------+----------------------------------------------------------+
; Parameter Name ; Value ; Type                                                     ;
+----------------+-------+----------------------------------------------------------+
; n              ; 16    ; Signed Integer                                           ;
+----------------+-------+----------------------------------------------------------+
Note: In order to hide this table in the UI and the text report file, please set the "Show Parameter Settings in Synthesis Report" option in "Analysis and Synthesis Settings -> More Settings" to "Off".


+--------------------------------------------------------------------------------------+
; Parameter Settings for User Entity Instance: timer:timer_debounce|comparateur:compa1 ;
+----------------+-------+-------------------------------------------------------------+
; Parameter Name ; Value ; Type                                                        ;
+----------------+-------+-------------------------------------------------------------+
; n              ; 16    ; Signed Integer                                              ;
+----------------+-------+-------------------------------------------------------------+
Note: In order to hide this table in the UI and the text report file, please set the "Show Parameter Settings in Synthesis Report" option in "Analysis and Synthesis Settings -> More Settings" to "Off".


+--------------------------------------------------------------------------------------+
; Parameter Settings for User Entity Instance: timer:timer_debounce|comparateur:compa2 ;
+----------------+-------+-------------------------------------------------------------+
; Parameter Name ; Value ; Type                                                        ;
+----------------+-------+-------------------------------------------------------------+
; n              ; 16    ; Signed Integer                                              ;
+----------------+-------+-------------------------------------------------------------+
Note: In order to hide this table in the UI and the text report file, please set the "Show Parameter Settings in Synthesis Report" option in "Analysis and Synthesis Settings -> More Settings" to "Off".


+----------------------------------------------------------------------+
; Parameter Settings for User Entity Instance: compteur:compteur_delay ;
+----------------+-------+---------------------------------------------+
; Parameter Name ; Value ; Type                                        ;
+----------------+-------+---------------------------------------------+
; n              ; 16    ; Signed Integer                              ;
+----------------+-------+---------------------------------------------+
Note: In order to hide this table in the UI and the text report file, please set the "Show Parameter Settings in Synthesis Report" option in "Analysis and Synthesis Settings -> More Settings" to "Off".


+-----------------------------------------------------+
; Port Connectivity Checks: "compteur:compteur_delay" ;
+--------+-------+----------+-------------------------+
; Port   ; Type  ; Severity ; Details                 ;
+--------+-------+----------+-------------------------+
; arst_n ; Input ; Info     ; Stuck at VCC            ;
+--------+-------+----------+-------------------------+


+-----------------------------------------------------------------------------------------------------------------------------------+
; Port Connectivity Checks: "timer:timer_debounce"                                                                                  ;
+-------------------------+--------+----------+-------------------------------------------------------------------------------------+
; Port                    ; Type   ; Severity ; Details                                                                             ;
+-------------------------+--------+----------+-------------------------------------------------------------------------------------+
; enable                  ; Input  ; Info     ; Stuck at VCC                                                                        ;
; reset                   ; Input  ; Info     ; Stuck at GND                                                                        ;
; enable_pwm              ; Input  ; Info     ; Stuck at GND                                                                        ;
; prescaler[9..5]         ; Input  ; Info     ; Stuck at VCC                                                                        ;
; prescaler[2..0]         ; Input  ; Info     ; Stuck at VCC                                                                        ;
; prescaler[15..10]       ; Input  ; Info     ; Stuck at GND                                                                        ;
; prescaler[4..3]         ; Input  ; Info     ; Stuck at GND                                                                        ;
; autoreload[8..4]        ; Input  ; Info     ; Stuck at VCC                                                                        ;
; autoreload[15..9]       ; Input  ; Info     ; Stuck at GND                                                                        ;
; autoreload[1..0]        ; Input  ; Info     ; Stuck at GND                                                                        ;
; autoreload[3]           ; Input  ; Info     ; Stuck at GND                                                                        ;
; autoreload[2]           ; Input  ; Info     ; Stuck at VCC                                                                        ;
; capture_compare[15..14] ; Input  ; Info     ; Stuck at VCC                                                                        ;
; capture_compare[9..8]   ; Input  ; Info     ; Stuck at VCC                                                                        ;
; capture_compare[13..10] ; Input  ; Info     ; Stuck at GND                                                                        ;
; capture_compare[3..0]   ; Input  ; Info     ; Stuck at GND                                                                        ;
; capture_compare[7]      ; Input  ; Info     ; Stuck at GND                                                                        ;
; capture_compare[6]      ; Input  ; Info     ; Stuck at VCC                                                                        ;
; capture_compare[5]      ; Input  ; Info     ; Stuck at GND                                                                        ;
; capture_compare[4]      ; Input  ; Info     ; Stuck at VCC                                                                        ;
; pwm_output              ; Output ; Info     ; Connected to dangling logic. Logic that only feeds a dangling port will be removed. ;
; tim_counter             ; Output ; Info     ; Connected to dangling logic. Logic that only feeds a dangling port will be removed. ;
+-------------------------+--------+----------+-------------------------------------------------------------------------------------+


+-----------------------------------------------------------+
; Port Connectivity Checks: "timer:timer_bip"               ;
+-------------------------+-------+----------+--------------+
; Port                    ; Type  ; Severity ; Details      ;
+-------------------------+-------+----------+--------------+
; enable                  ; Input ; Info     ; Stuck at VCC ;
; enable_pwm              ; Input ; Info     ; Stuck at VCC ;
; prescaler[10..8]        ; Input ; Info     ; Stuck at VCC ;
; prescaler[3..0]         ; Input ; Info     ; Stuck at VCC ;
; prescaler[15..14]       ; Input ; Info     ; Stuck at GND ;
; prescaler[12..11]       ; Input ; Info     ; Stuck at GND ;
; prescaler[7..4]         ; Input ; Info     ; Stuck at GND ;
; prescaler[13]           ; Input ; Info     ; Stuck at VCC ;
; autoreload[9..7]        ; Input ; Info     ; Stuck at VCC ;
; autoreload[2..0]        ; Input ; Info     ; Stuck at VCC ;
; autoreload[15..13]      ; Input ; Info     ; Stuck at GND ;
; autoreload[11..10]      ; Input ; Info     ; Stuck at GND ;
; autoreload[6..3]        ; Input ; Info     ; Stuck at GND ;
; autoreload[12]          ; Input ; Info     ; Stuck at VCC ;
; capture_compare[9..7]   ; Input ; Info     ; Stuck at VCC ;
; capture_compare[2..0]   ; Input ; Info     ; Stuck at VCC ;
; capture_compare[15..13] ; Input ; Info     ; Stuck at GND ;
; capture_compare[11..10] ; Input ; Info     ; Stuck at GND ;
; capture_compare[6..3]   ; Input ; Info     ; Stuck at GND ;
; capture_compare[12]     ; Input ; Info     ; Stuck at VCC ;
+-------------------------+-------+----------+--------------+


+----------------------------------------------------------------------------------------------------------------------------------+
; Port Connectivity Checks: "timer:timer_pwm"                                                                                      ;
+------------------------+--------+----------+-------------------------------------------------------------------------------------+
; Port                   ; Type   ; Severity ; Details                                                                             ;
+------------------------+--------+----------+-------------------------------------------------------------------------------------+
; enable                 ; Input  ; Info     ; Stuck at VCC                                                                        ;
; enable_pwm             ; Input  ; Info     ; Stuck at VCC                                                                        ;
; prescaler[8..4]        ; Input  ; Info     ; Stuck at VCC                                                                        ;
; prescaler[15..9]       ; Input  ; Info     ; Stuck at GND                                                                        ;
; prescaler[1..0]        ; Input  ; Info     ; Stuck at GND                                                                        ;
; prescaler[3]           ; Input  ; Info     ; Stuck at GND                                                                        ;
; prescaler[2]           ; Input  ; Info     ; Stuck at VCC                                                                        ;
; autoreload[9..5]       ; Input  ; Info     ; Stuck at VCC                                                                        ;
; autoreload[15..10]     ; Input  ; Info     ; Stuck at GND                                                                        ;
; autoreload[2..0]       ; Input  ; Info     ; Stuck at GND                                                                        ;
; autoreload[4]          ; Input  ; Info     ; Stuck at GND                                                                        ;
; autoreload[3]          ; Input  ; Info     ; Stuck at VCC                                                                        ;
; capture_compare[6..5]  ; Input  ; Info     ; Stuck at VCC                                                                        ;
; capture_compare[15..7] ; Input  ; Info     ; Stuck at GND                                                                        ;
; capture_compare[4..3]  ; Input  ; Info     ; Stuck at GND                                                                        ;
; capture_compare[1..0]  ; Input  ; Info     ; Stuck at GND                                                                        ;
; capture_compare[2]     ; Input  ; Info     ; Stuck at VCC                                                                        ;
; couev                  ; Output ; Info     ; Connected to dangling logic. Logic that only feeds a dangling port will be removed. ;
; tim_counter            ; Output ; Info     ; Connected to dangling logic. Logic that only feeds a dangling port will be removed. ;
+------------------------+--------+----------+-------------------------------------------------------------------------------------+


+---------------------------------------------------------------------------------------------------------------------------------+
; Port Connectivity Checks: "timer:timer_2hz|comparateur:compa2"                                                                  ;
+-----------------------+--------+----------+-------------------------------------------------------------------------------------+
; Port                  ; Type   ; Severity ; Details                                                                             ;
+-----------------------+--------+----------+-------------------------------------------------------------------------------------+
; sortie_comparaison[2] ; Output ; Info     ; Connected to dangling logic. Logic that only feeds a dangling port will be removed. ;
+-----------------------+--------+----------+-------------------------------------------------------------------------------------+


+------------------------------------------------------------------------------------------------------------------------------------+
; Port Connectivity Checks: "timer:timer_2hz|comparateur:compa1"                                                                     ;
+--------------------------+--------+----------+-------------------------------------------------------------------------------------+
; Port                     ; Type   ; Severity ; Details                                                                             ;
+--------------------------+--------+----------+-------------------------------------------------------------------------------------+
; sortie_comparaison[1..0] ; Output ; Info     ; Connected to dangling logic. Logic that only feeds a dangling port will be removed. ;
+--------------------------+--------+----------+-------------------------------------------------------------------------------------+


+-------------------------------------------------------------+
; Port Connectivity Checks: "timer:timer_2hz|compteur:compt1" ;
+--------+-------+----------+---------------------------------+
; Port   ; Type  ; Severity ; Details                         ;
+--------+-------+----------+---------------------------------+
; arst_n ; Input ; Info     ; Stuck at VCC                    ;
+--------+-------+----------+---------------------------------+


+---------------------------------------------------------------------------------------------------------------------------------+
; Port Connectivity Checks: "timer:timer_2hz|diviseur:div|comparateur:J1"                                                         ;
+-----------------------+--------+----------+-------------------------------------------------------------------------------------+
; Port                  ; Type   ; Severity ; Details                                                                             ;
+-----------------------+--------+----------+-------------------------------------------------------------------------------------+
; sortie_comparaison[0] ; Output ; Info     ; Connected to dangling logic. Logic that only feeds a dangling port will be removed. ;
+-----------------------+--------+----------+-------------------------------------------------------------------------------------+


+----------------------------------------------------------------------+
; Port Connectivity Checks: "timer:timer_2hz|diviseur:div|compteur:U1" ;
+--------+-------+----------+------------------------------------------+
; Port   ; Type  ; Severity ; Details                                  ;
+--------+-------+----------+------------------------------------------+
; arst_n ; Input ; Info     ; Stuck at VCC                             ;
+--------+-------+----------+------------------------------------------+


+-----------------------------------------------------------------------------------------------------------------------------------+
; Port Connectivity Checks: "timer:timer_2hz"                                                                                       ;
+-------------------------+--------+----------+-------------------------------------------------------------------------------------+
; Port                    ; Type   ; Severity ; Details                                                                             ;
+-------------------------+--------+----------+-------------------------------------------------------------------------------------+
; enable                  ; Input  ; Info     ; Stuck at VCC                                                                        ;
; enable_pwm              ; Input  ; Info     ; Stuck at VCC                                                                        ;
; prescaler[10..8]        ; Input  ; Info     ; Stuck at VCC                                                                        ;
; prescaler[3..0]         ; Input  ; Info     ; Stuck at VCC                                                                        ;
; prescaler[15..14]       ; Input  ; Info     ; Stuck at GND                                                                        ;
; prescaler[12..11]       ; Input  ; Info     ; Stuck at GND                                                                        ;
; prescaler[7..4]         ; Input  ; Info     ; Stuck at GND                                                                        ;
; prescaler[13]           ; Input  ; Info     ; Stuck at VCC                                                                        ;
; autoreload[9..7]        ; Input  ; Info     ; Stuck at VCC                                                                        ;
; autoreload[2..0]        ; Input  ; Info     ; Stuck at VCC                                                                        ;
; autoreload[15..13]      ; Input  ; Info     ; Stuck at GND                                                                        ;
; autoreload[11..10]      ; Input  ; Info     ; Stuck at GND                                                                        ;
; autoreload[6..3]        ; Input  ; Info     ; Stuck at GND                                                                        ;
; autoreload[12]          ; Input  ; Info     ; Stuck at VCC                                                                        ;
; capture_compare[8..6]   ; Input  ; Info     ; Stuck at VCC                                                                        ;
; capture_compare[15..12] ; Input  ; Info     ; Stuck at GND                                                                        ;
; capture_compare[10..9]  ; Input  ; Info     ; Stuck at GND                                                                        ;
; capture_compare[5..3]   ; Input  ; Info     ; Stuck at GND                                                                        ;
; capture_compare[1..0]   ; Input  ; Info     ; Stuck at GND                                                                        ;
; capture_compare[11]     ; Input  ; Info     ; Stuck at VCC                                                                        ;
; capture_compare[2]      ; Input  ; Info     ; Stuck at VCC                                                                        ;
; couev                   ; Output ; Info     ; Connected to dangling logic. Logic that only feeds a dangling port will be removed. ;
; tim_counter             ; Output ; Info     ; Connected to dangling logic. Logic that only feeds a dangling port will be removed. ;
+-------------------------+--------+----------+-------------------------------------------------------------------------------------+


+-----------------------------------------------------+
; Post-Synthesis Netlist Statistics for Top Partition ;
+-----------------------+-----------------------------+
; Type                  ; Count                       ;
+-----------------------+-----------------------------+
; boundary_port         ; 13                          ;
; cycloneiii_ff         ; 205                         ;
;     CLR               ; 4                           ;
;     ENA               ; 13                          ;
;     ENA SCLR          ; 64                          ;
;     SCLR              ; 81                          ;
;     plain             ; 43                          ;
; cycloneiii_lcell_comb ; 361                         ;
;     arith             ; 165                         ;
;         2 data inputs ; 134                         ;
;         3 data inputs ; 31                          ;
;     normal            ; 196                         ;
;         0 data inputs ; 1                           ;
;         1 data inputs ; 11                          ;
;         2 data inputs ; 26                          ;
;         3 data inputs ; 44                          ;
;         4 data inputs ; 114                         ;
;                       ;                             ;
; Max LUT depth         ; 9.00                        ;
; Average LUT depth     ; 3.57                        ;
+-----------------------+-----------------------------+


+-------------------------------+
; Elapsed Time Per Partition    ;
+----------------+--------------+
; Partition Name ; Elapsed Time ;
+----------------+--------------+
; Top            ; 00:00:01     ;
+----------------+--------------+


+-------------------------------+
; Analysis & Synthesis Messages ;
+-------------------------------+
Info: *******************************************************************
Info: Running Quartus Prime Analysis & Synthesis
    Info: Version 18.1.0 Build 625 09/12/2018 SJ Lite Edition
    Info: Processing started: Sun Dec 12 00:13:05 2021
Info: Command: quartus_map --read_settings_files=on --write_settings_files=off projet_vhdl -c projet_vhdl
Warning (18236): Number of processors has not been specified which may cause overloading on shared machines.  Set the global assignment NUM_PARALLEL_PROCESSORS in your QSF to an appropriate value for best performance.
Info (20030): Parallel compilation is enabled and will use 4 of the 4 processors detected
Info (12021): Found 2 design units, including 1 entities, in source file /home/prince/Seafile/Education/Fac/M2_SME/Synthese_Mise_en_Oeuvre_Systemes/VHDL-M2_SME/BE/functions/FPGA/gestion_boutton.vhd
    Info (12022): Found design unit 1: gestion_boutton-arch_gestion_boutton File: /home/prince/Seafile/Education/Fac/M2_SME/Synthese_Mise_en_Oeuvre_Systemes/VHDL-M2_SME/BE/functions/FPGA/gestion_boutton.vhd Line: 51
    Info (12023): Found entity 1: gestion_boutton File: /home/prince/Seafile/Education/Fac/M2_SME/Synthese_Mise_en_Oeuvre_Systemes/VHDL-M2_SME/BE/functions/FPGA/gestion_boutton.vhd Line: 30
Info (12021): Found 2 design units, including 1 entities, in source file components/edge_detector.vhd
    Info (12022): Found design unit 1: edge_detector-custom_arc File: /home/prince/Seafile/Education/Fac/M2_SME/Synthese_Mise_en_Oeuvre_Systemes/VHDL-M2_SME/BE/Functions_dev/components/edge_detector.vhd Line: 14
    Info (12023): Found entity 1: edge_detector File: /home/prince/Seafile/Education/Fac/M2_SME/Synthese_Mise_en_Oeuvre_Systemes/VHDL-M2_SME/BE/Functions_dev/components/edge_detector.vhd Line: 7
Info (12021): Found 2 design units, including 1 entities, in source file components/timer.vhd
    Info (12022): Found design unit 1: timer-rtl File: /home/prince/Seafile/Education/Fac/M2_SME/Synthese_Mise_en_Oeuvre_Systemes/VHDL-M2_SME/BE/Functions_dev/components/timer.vhd Line: 47
    Info (12023): Found entity 1: timer File: /home/prince/Seafile/Education/Fac/M2_SME/Synthese_Mise_en_Oeuvre_Systemes/VHDL-M2_SME/BE/Functions_dev/components/timer.vhd Line: 23
Info (12021): Found 2 design units, including 1 entities, in source file components/compteur.vhd
    Info (12022): Found design unit 1: compteur-rtl File: /home/prince/Seafile/Education/Fac/M2_SME/Synthese_Mise_en_Oeuvre_Systemes/VHDL-M2_SME/BE/Functions_dev/components/compteur.vhd Line: 21
    Info (12023): Found entity 1: compteur File: /home/prince/Seafile/Education/Fac/M2_SME/Synthese_Mise_en_Oeuvre_Systemes/VHDL-M2_SME/BE/Functions_dev/components/compteur.vhd Line: 7
Info (12021): Found 2 design units, including 1 entities, in source file components/comparateur.vhd
    Info (12022): Found design unit 1: comparateur-rtl File: /home/prince/Seafile/Education/Fac/M2_SME/Synthese_Mise_en_Oeuvre_Systemes/VHDL-M2_SME/BE/Functions_dev/components/comparateur.vhd Line: 16
    Info (12023): Found entity 1: comparateur File: /home/prince/Seafile/Education/Fac/M2_SME/Synthese_Mise_en_Oeuvre_Systemes/VHDL-M2_SME/BE/Functions_dev/components/comparateur.vhd Line: 5
Info (12021): Found 2 design units, including 1 entities, in source file components/diviseur.vhd
    Info (12022): Found design unit 1: diviseur-rtl File: /home/prince/Seafile/Education/Fac/M2_SME/Synthese_Mise_en_Oeuvre_Systemes/VHDL-M2_SME/BE/Functions_dev/components/diviseur.vhd Line: 21
    Info (12023): Found entity 1: diviseur File: /home/prince/Seafile/Education/Fac/M2_SME/Synthese_Mise_en_Oeuvre_Systemes/VHDL-M2_SME/BE/Functions_dev/components/diviseur.vhd Line: 7
Info (12127): Elaborating entity "gestion_boutton" for the top level hierarchy
Warning (10492): VHDL Process Statement warning at gestion_boutton.vhd(255): signal "mili_s" is read inside the Process Statement but isn't in the Process Statement's sensitivity list File: /home/prince/Seafile/Education/Fac/M2_SME/Synthese_Mise_en_Oeuvre_Systemes/VHDL-M2_SME/BE/functions/FPGA/gestion_boutton.vhd Line: 255
Info (12128): Elaborating entity "timer" for hierarchy "timer:timer_2hz" File: /home/prince/Seafile/Education/Fac/M2_SME/Synthese_Mise_en_Oeuvre_Systemes/VHDL-M2_SME/BE/functions/FPGA/gestion_boutton.vhd Line: 142
Info (12128): Elaborating entity "diviseur" for hierarchy "timer:timer_2hz|diviseur:div" File: /home/prince/Seafile/Education/Fac/M2_SME/Synthese_Mise_en_Oeuvre_Systemes/VHDL-M2_SME/BE/Functions_dev/components/timer.vhd Line: 118
Info (12128): Elaborating entity "compteur" for hierarchy "timer:timer_2hz|diviseur:div|compteur:U1" File: /home/prince/Seafile/Education/Fac/M2_SME/Synthese_Mise_en_Oeuvre_Systemes/VHDL-M2_SME/BE/Functions_dev/components/diviseur.vhd Line: 67
Info (12128): Elaborating entity "comparateur" for hierarchy "timer:timer_2hz|diviseur:div|comparateur:J1" File: /home/prince/Seafile/Education/Fac/M2_SME/Synthese_Mise_en_Oeuvre_Systemes/VHDL-M2_SME/BE/Functions_dev/components/diviseur.vhd Line: 78
Warning (10631): VHDL Process Statement warning at comparateur.vhd(20): inferring latch(es) for signal or variable "sortie_comparaison", which holds its previous value in one or more paths through the process File: /home/prince/Seafile/Education/Fac/M2_SME/Synthese_Mise_en_Oeuvre_Systemes/VHDL-M2_SME/BE/Functions_dev/components/comparateur.vhd Line: 20
Info (10041): Inferred latch for "sortie_comparaison[0]" at comparateur.vhd(20) File: /home/prince/Seafile/Education/Fac/M2_SME/Synthese_Mise_en_Oeuvre_Systemes/VHDL-M2_SME/BE/Functions_dev/components/comparateur.vhd Line: 20
Info (10041): Inferred latch for "sortie_comparaison[1]" at comparateur.vhd(20) File: /home/prince/Seafile/Education/Fac/M2_SME/Synthese_Mise_en_Oeuvre_Systemes/VHDL-M2_SME/BE/Functions_dev/components/comparateur.vhd Line: 20
Info (10041): Inferred latch for "sortie_comparaison[2]" at comparateur.vhd(20) File: /home/prince/Seafile/Education/Fac/M2_SME/Synthese_Mise_en_Oeuvre_Systemes/VHDL-M2_SME/BE/Functions_dev/components/comparateur.vhd Line: 20
Info (12128): Elaborating entity "edge_detector" for hierarchy "edge_detector:edge_detector_1" File: /home/prince/Seafile/Education/Fac/M2_SME/Synthese_Mise_en_Oeuvre_Systemes/VHDL-M2_SME/BE/functions/FPGA/gestion_boutton.vhd Line: 205
Warning (13024): Output pins are stuck at VCC or GND
    Warning (13410): Pin "codeFonction[3]" is stuck at GND File: /home/prince/Seafile/Education/Fac/M2_SME/Synthese_Mise_en_Oeuvre_Systemes/VHDL-M2_SME/BE/functions/FPGA/gestion_boutton.vhd Line: 275
Info (286030): Timing-Driven Synthesis is running
Info (16010): Generating hard_block partition "hard_block:auto_generated_inst"
    Info (16011): Adding 0 node(s), including 0 DDIO, 0 PLL, 0 transceiver and 0 LCELL
Info (21057): Implemented 416 device resources after synthesis - the final resource count might be different
    Info (21058): Implemented 5 input pins
    Info (21059): Implemented 8 output pins
    Info (21061): Implemented 403 logic cells
Info: Quartus Prime Analysis & Synthesis was successful. 0 errors, 5 warnings
    Info: Peak virtual memory: 973 megabytes
    Info: Processing ended: Sun Dec 12 00:13:23 2021
    Info: Elapsed time: 00:00:18
    Info: Total CPU time (on all processors): 00:00:39


