------------------------------------------------------------
Timing Analyzer Summary
------------------------------------------------------------

Type  : Slow 1200mV 85C Model Setup 'clk'
Slack : -1.604
TNS   : -28.032

Type  : Slow 1200mV 85C Model Hold 'clk'
Slack : 0.361
TNS   : 0.000

Type  : Slow 1200mV 85C Model Recovery 'clk'
Slack : -2.795
TNS   : -66.484

Type  : Slow 1200mV 85C Model Removal 'clk'
Slack : 1.851
TNS   : 0.000

Type  : Slow 1200mV 85C Model Minimum Pulse Width 'clk'
Slack : -3.000
TNS   : -30.000

Type  : Slow 1200mV 0C Model Setup 'clk'
Slack : -1.289
TNS   : -21.786

Type  : Slow 1200mV 0C Model Hold 'clk'
Slack : 0.320
TNS   : 0.000

Type  : Slow 1200mV 0C Model Recovery 'clk'
Slack : -2.398
TNS   : -56.595

Type  : Slow 1200mV 0C Model Removal 'clk'
Slack : 1.677
TNS   : 0.000

Type  : Slow 1200mV 0C Model Minimum Pulse Width 'clk'
Slack : -3.000
TNS   : -30.000

Type  : Fast 1200mV 0C Model Setup 'clk'
Slack : -0.480
TNS   : -5.282

Type  : Fast 1200mV 0C Model Hold 'clk'
Slack : 0.194
TNS   : 0.000

Type  : Fast 1200mV 0C Model Recovery 'clk'
Slack : -1.179
TNS   : -26.606

Type  : Fast 1200mV 0C Model Removal 'clk'
Slack : 1.008
TNS   : 0.000

Type  : Fast 1200mV 0C Model Minimum Pulse Width 'clk'
Slack : -3.000
TNS   : -31.815

------------------------------------------------------------
